Component: Arm Compiler for Embedded 6.18 Tool: armlink [5e4cc100]

==============================================================================

Section Cross References

    startup_stm32g030xx.o(RESET) refers to startup_stm32g030xx.o(STACK) for __initial_sp
    startup_stm32g030xx.o(RESET) refers to startup_stm32g030xx.o(.text) for Reset_Handler
    startup_stm32g030xx.o(RESET) refers to stm32g0xx_it.o(.text.NMI_Handler) for NMI_Handler
    startup_stm32g030xx.o(RESET) refers to stm32g0xx_it.o(.text.HardFault_Handler) for HardFault_Handler
    startup_stm32g030xx.o(RESET) refers to stm32g0xx_it.o(.text.SVC_Handler) for SVC_Handler
    startup_stm32g030xx.o(RESET) refers to stm32g0xx_it.o(.text.PendSV_Handler) for PendSV_Handler
    startup_stm32g030xx.o(RESET) refers to eventrecorder.o(.text.SysTick_Handler) for SysTick_Handler
    startup_stm32g030xx.o(.text) refers to system_stm32g0xx.o(.text.SystemInit) for SystemInit
    startup_stm32g030xx.o(.text) refers to entry.o(.ARM.Collect$$$$00000000) for __main
    main.o(.text.main) refers to eventrecorder.o(.text.EventRecorderInitialize) for EventRecorderInitialize
    main.o(.text.main) refers to eventrecorder.o(.text.EventRecorderStart) for EventRecorderStart
    main.o(.text.main) refers to main.o(.text.LL_APB2_GRP1_EnableClock) for LL_APB2_GRP1_EnableClock
    main.o(.text.main) refers to main.o(.text.LL_APB1_GRP1_EnableClock) for LL_APB1_GRP1_EnableClock
    main.o(.text.main) refers to main.o(.text.__NVIC_SetPriority) for __NVIC_SetPriority
    main.o(.text.main) refers to main.o(.text.SystemClock_Config) for SystemClock_Config
    main.o(.text.main) refers to printfa.o(i.__0printf) for printf
    main.o(.text.main) refers to gpio.o(.text.MX_GPIO_Init) for MX_GPIO_Init
    main.o(.text.main) refers to adc.o(.text.MX_ADC1_Init) for MX_ADC1_Init
    main.o(.text.main) refers to spi.o(.text.MX_SPI1_Init) for MX_SPI1_Init
    main.o(.text.main) refers to tim.o(.text.MX_TIM3_Init) for MX_TIM3_Init
    main.o(.text.main) refers to tim.o(.text.MX_TIM14_Init) for MX_TIM14_Init
    main.o(.text.main) refers to adc.o(.text.Activate_ADC) for Activate_ADC
    main.o(.text.main) refers to u8g2_d_setup.o(.text.u8g2_Setup_ssd1306_128x64_noname_f) for u8g2_Setup_ssd1306_128x64_noname_f
    main.o(.text.main) refers to u8x8_display.o(.text.u8x8_InitDisplay) for u8x8_InitDisplay
    main.o(.text.main) refers to u8x8_display.o(.text.u8x8_SetPowerSave) for u8x8_SetPowerSave
    main.o(.text.main) refers to main.o(.text.LL_TIM_EnableAllOutputs) for LL_TIM_EnableAllOutputs
    main.o(.text.main) refers to main.o(.text.LL_TIM_CC_EnableChannel) for LL_TIM_CC_EnableChannel
    main.o(.text.main) refers to main.o(.text.LL_TIM_OC_SetCompareCH1) for LL_TIM_OC_SetCompareCH1
    main.o(.text.main) refers to main.o(.text.LL_TIM_EnableCounter) for LL_TIM_EnableCounter
    main.o(.text.main) refers to stm32g0xx_ll_utils.o(.text.LL_mDelay) for LL_mDelay
    main.o(.text.main) refers to adc.o(.text.T12_ADC_Read) for T12_ADC_Read
    main.o(.text.main) refers to main.o(.text.calculateTemp) for calculateTemp
    main.o(.text.main) refers to siabs.o(.text) for abs
    main.o(.text.main) refers to main.o(.text.calculate_pid_pwm) for calculate_pid_pwm
    main.o(.text.main) refers to u8g2_buffer.o(.text.u8g2_FirstPage) for u8g2_FirstPage
    main.o(.text.main) refers to u8g2_font.o(.text.u8g2_SetFontMode) for u8g2_SetFontMode
    main.o(.text.main) refers to u8g2_font.o(.text.u8g2_SetFontDirection) for u8g2_SetFontDirection
    main.o(.text.main) refers to u8g2_font.o(.text.u8g2_SetFont) for u8g2_SetFont
    main.o(.text.main) refers to adc.o(.text.Vref_Read) for Vref_Read
    main.o(.text.main) refers to printfa.o(i.__0sprintf) for sprintf
    main.o(.text.main) refers to u8g2_font.o(.text.u8g2_DrawStr) for u8g2_DrawStr
    main.o(.text.main) refers to adc.o(.text.Vin_Read) for Vin_Read
    main.o(.text.main) refers to adc.o(.text.Temp_ADC_Read) for Temp_ADC_Read
    main.o(.text.main) refers to uidiv_div0.o(.text) for __aeabi_uidiv
    main.o(.text.main) refers to u8g2_buffer.o(.text.u8g2_NextPage) for u8g2_NextPage
    main.o(.text.main) refers to system_stm32g0xx.o(.data.SystemCoreClock) for SystemCoreClock
    main.o(.text.main) refers to main.o(.rodata.str1.1) for [Anonymous Symbol]
    main.o(.text.main) refers to main.o(.bss.u8g2) for [Anonymous Symbol]
    main.o(.text.main) refers to u8g2_setup.o(.rodata.u8g2_cb_r0) for u8g2_cb_r0
    main.o(.text.main) refers to spi.o(.text.u8x8_byte_4wire_hw_spi) for u8x8_byte_4wire_hw_spi
    main.o(.text.main) refers to spi.o(.text.u8x8_stm32_gpio_and_delay) for u8x8_stm32_gpio_and_delay
    main.o(.text.main) refers to main.o(.bss.t12_now) for t12_now
    main.o(.text.main) refers to main.o(.data.temp_target) for temp_target
    main.o(.text.main) refers to main.o(.data.t12_pid) for t12_pid
    main.o(.text.main) refers to main.o(.bss.t12_pwm) for t12_pwm
[...]
    __arm_cp.18_2                            0x080029dc   Number         4  stm32g0xx_ll_tim.o(.text.OC6Config)
    __arm_cp.18_3                            0x080029e0   Number         4  stm32g0xx_ll_tim.o(.text.OC6Config)
    __arm_cp.18_4                            0x080029e4   Number         4  stm32g0xx_ll_tim.o(.text.OC6Config)
    [Anonymous Symbol]                       0x080029e8   Section        0  stm32g0xx_it.o(.text.PendSV_Handler)
    [Anonymous Symbol]                       0x080029ea   Section        0  stm32g0xx_it.o(.text.SVC_Handler)
    SysTickGetCount                          0x080029ed   Thumb Code    48  eventrecorder.o(.text.SysTickGetCount)
    [Anonymous Symbol]                       0x080029ec   Section        0  eventrecorder.o(.text.SysTickGetCount)
    SysTickGetFreq                           0x08002a1d   Thumb Code     8  eventrecorder.o(.text.SysTickGetFreq)
    [Anonymous Symbol]                       0x08002a1c   Section        0  eventrecorder.o(.text.SysTickGetFreq)
    __arm_cp.4_0                             0x08002a24   Number         4  eventrecorder.o(.text.SysTickGetFreq)
    SysTickSetup                             0x08002a29   Thumb Code    28  eventrecorder.o(.text.SysTickSetup)
    [Anonymous Symbol]                       0x08002a28   Section        0  eventrecorder.o(.text.SysTickSetup)
    __arm_cp.2_1                             0x08002a44   Number         4  eventrecorder.o(.text.SysTickSetup)
    __arm_cp.2_2                             0x08002a48   Number         4  eventrecorder.o(.text.SysTickSetup)
    __arm_cp.2_3                             0x08002a4c   Number         4  eventrecorder.o(.text.SysTickSetup)
    __arm_cp.2_4                             0x08002a50   Number         4  eventrecorder.o(.text.SysTickSetup)
    [Anonymous Symbol]                       0x08002a54   Section        0  eventrecorder.o(.text.SysTick_Handler)
    __arm_cp.0_0                             0x08002a68   Number         4  eventrecorder.o(.text.SysTick_Handler)
    __arm_cp.0_1                             0x08002a6c   Number         4  eventrecorder.o(.text.SysTick_Handler)
    [Anonymous Symbol]                       0x08002a70   Section        0  main.o(.text.SystemClock_Config)
    __arm_cp.4_0                             0x08002abc   Number         4  main.o(.text.SystemClock_Config)
    [Anonymous Symbol]                       0x08002ac0   Section        0  system_stm32g0xx.o(.text.SystemInit)
    [Anonymous Symbol]                       0x08002ac4   Section        0  adc.o(.text.T12_ADC_Read)
    __arm_cp.33_0                            0x08002ae8   Number         4  adc.o(.text.T12_ADC_Read)
    [Anonymous Symbol]                       0x08002aec   Section        0  adc.o(.text.Temp_ADC_Read)
    __arm_cp.32_0                            0x08002b44   Number         4  adc.o(.text.Temp_ADC_Read)
    __arm_cp.32_1                            0x08002b48   Number         4  adc.o(.text.Temp_ADC_Read)
    __arm_cp.32_2                            0x08002b4c   Number         4  adc.o(.text.Temp_ADC_Read)
    __arm_cp.32_3                            0x08002b50   Number         4  adc.o(.text.Temp_ADC_Read)
    UnlockRecord                             0x08002b55   Thumb Code    78  eventrecorder.o(.text.UnlockRecord)
    [Anonymous Symbol]                       0x08002b54   Section        0  eventrecorder.o(.text.UnlockRecord)
    UnlockTS_Overflow                        0x08002ba5   Thumb Code    12  eventrecorder.o(.text.UnlockTS_Overflow)
    [Anonymous Symbol]                       0x08002ba4   Section        0  eventrecorder.o(.text.UnlockTS_Overflow)
    __arm_cp.22_0                            0x08002bb0   Number         4  eventrecorder.o(.text.UnlockTS_Overflow)
    UpdateTS                                 0x08002bb5   Thumb Code    20  eventrecorder.o(.text.UpdateTS)
    [Anonymous Symbol]                       0x08002bb4   Section        0  eventrecorder.o(.text.UpdateTS)
    __arm_cp.23_0                            0x08002bc8   Number         4  eventrecorder.o(.text.UpdateTS)
    [Anonymous Symbol]                       0x08002bcc   Section        0  adc.o(.text.Vin_Read)
    __arm_cp.31_0                            0x08002bf8   Number         4  adc.o(.text.Vin_Read)
    __arm_cp.31_2                            0x08002bfc   Number         4  adc.o(.text.Vin_Read)
    [Anonymous Symbol]                       0x08002c00   Section        0  adc.o(.text.Vref_Read)
    __arm_cp.30_0                            0x08002c28   Number         4  adc.o(.text.Vref_Read)
    __arm_cp.30_1                            0x08002c2c   Number         4  adc.o(.text.Vref_Read)
    __arm_cp.30_2                            0x08002c30   Number         4  adc.o(.text.Vref_Read)
    __arm_cp.30_3                            0x08002c34   Number         4  adc.o(.text.Vref_Read)
    __NVIC_EnableIRQ                         0x08002c39   Thumb Code    40  tim.o(.text.__NVIC_EnableIRQ)
    [Anonymous Symbol]                       0x08002c38   Section        0  tim.o(.text.__NVIC_EnableIRQ)
    __arm_cp.13_0                            0x08002c60   Number         4  tim.o(.text.__NVIC_EnableIRQ)
    __NVIC_SetPriority                       0x08002c65   Thumb Code   124  main.o(.text.__NVIC_SetPriority)
    [Anonymous Symbol]                       0x08002c64   Section        0  main.o(.text.__NVIC_SetPriority)
    __NVIC_SetPriority                       0x08002ce1   Thumb Code   124  tim.o(.text.__NVIC_SetPriority)
    [Anonymous Symbol]                       0x08002ce0   Section        0  tim.o(.text.__NVIC_SetPriority)
    __arm_cp.12_0                            0x08002d5c   Number         4  tim.o(.text.__NVIC_SetPriority)
    __arm_cp.12_1                            0x08002d60   Number         4  tim.o(.text.__NVIC_SetPriority)
    atomic_inc32                             0x08002d65   Thumb Code    54  eventrecorder.o(.text.atomic_inc32)
    [Anonymous Symbol]                       0x08002d64   Section        0  eventrecorder.o(.text.atomic_inc32)
    atomic_inc8                              0x08002d9b   Thumb Code    58  eventrecorder.o(.text.atomic_inc8)
    [Anonymous Symbol]                       0x08002d9a   Section        0  eventrecorder.o(.text.atomic_inc8)
    atomic_wr32                              0x08002dd5   Thumb Code    54  eventrecorder.o(.text.atomic_wr32)
    [Anonymous Symbol]                       0x08002dd4   Section        0  eventrecorder.o(.text.atomic_wr32)
    atomic_wr8                               0x08002e0b   Thumb Code    60  eventrecorder.o(.text.atomic_wr8)
    [Anonymous Symbol]                       0x08002e0a   Section        0  eventrecorder.o(.text.atomic_wr8)
    [Anonymous Symbol]                       0x08002e48   Section        0  main.o(.text.calculateTemp)
    __arm_cp.9_0                             0x08002ee8   Number         4  main.o(.text.calculateTemp)
    [Anonymous Symbol]                       0x08002eec   Section        0  main.o(.text.calculate_pid_pwm)
    __arm_cp.10_0                            0x0800300c   Number         4  main.o(.text.calculate_pid_pwm)
    __arm_cp.10_1                            0x08003010   Number         4  main.o(.text.calculate_pid_pwm)
    __arm_cp.10_2                            0x08003014   Number         4  main.o(.text.calculate_pid_pwm)
    __arm_cp.10_3                            0x08003018   Number         4  main.o(.text.calculate_pid_pwm)
    crc16_ccitt                              0x0800301d   Thumb Code   120  eventrecorder.o(.text.crc16_ccitt)
    [Anonymous Symbol]                       0x0800301c   Section        0  eventrecorder.o(.text.crc16_ccitt)
    __arm_cp.8_0                             0x08003094   Number         4  eventrecorder.o(.text.crc16_ccitt)
    __arm_cp.8_1                             0x08003098   Number         4  eventrecorder.o(.text.crc16_ccitt)
    [Anonymous Symbol]                       0x0800309c   Section        0  retarget_io.o(.text.fputc)
    __arm_cp.0_0                             0x080030c8   Number         4  retarget_io.o(.text.fputc)
    [Anonymous Symbol]                       0x080030cc   Section        0  main.o(.text.main)
    __arm_cp.0_0                             0x080032c4   Number         4  main.o(.text.main)
    __arm_cp.0_1                             0x080032c8   Number         4  main.o(.text.main)
    __arm_cp.0_2                             0x080032cc   Number         4  main.o(.text.main)
    __arm_cp.0_3                             0x080032d0   Number         4  main.o(.text.main)
    __arm_cp.0_4                             0x080032d4   Number         4  main.o(.text.main)
    __arm_cp.0_5                             0x080032d8   Number         4  main.o(.text.main)
    __arm_cp.0_6                             0x080032dc   Number         4  main.o(.text.main)
    __arm_cp.0_7                             0x080032e0   Number         4  main.o(.text.main)
    __arm_cp.0_8                             0x080032e4   Number         4  main.o(.text.main)
    __arm_cp.0_9                             0x080032e8   Number         4  main.o(.text.main)
    __arm_cp.0_10                            0x080032ec   Number         4  main.o(.text.main)
    __arm_cp.0_11                            0x080032f0   Number         4  main.o(.text.main)
    __arm_cp.0_12                            0x080032f4   Number         4  main.o(.text.main)
    __arm_cp.0_13                            0x080032f8   Number         4  main.o(.text.main)
    __arm_cp.0_14                            0x080032fc   Number         4  main.o(.text.main)
    __arm_cp.0_15                            0x08003300   Number         4  main.o(.text.main)
    __arm_cp.0_16                            0x08003304   Number         4  main.o(.text.main)
    __arm_cp.0_17                            0x08003308   Number         4  main.o(.text.main)
    __arm_cp.0_18                            0x0800330c   Number         4  main.o(.text.main)
    __arm_cp.0_19                            0x08003310   Number         4  main.o(.text.main)
    [Anonymous Symbol]                       0x08003314   Section        0  main.o(.text.map)
    stdout_putchar                           0x08003361   Thumb Code    88  retarget_io.o(.text.stdout_putchar)
    [Anonymous Symbol]                       0x08003360   Section        0  retarget_io.o(.text.stdout_putchar)
    __arm_cp.1_0                             0x080033b8   Number         4  retarget_io.o(.text.stdout_putchar)
    __arm_cp.1_1                             0x080033bc   Number         4  retarget_io.o(.text.stdout_putchar)
    __arm_cp.1_2                             0x080033c0   Number         4  retarget_io.o(.text.stdout_putchar)
    [Anonymous Symbol]                       0x080033c4   Section        0  u8g2_buffer.o(.text.u8g2_ClearBuffer)
    [Anonymous Symbol]                       0x080033f4   Section        0  u8g2_font.o(.text.u8g2_DrawGlyph)
    [Anonymous Symbol]                       0x0800348a   Section        0  u8g2_hvline.o(.text.u8g2_DrawHVLine)
    [Anonymous Symbol]                       0x080035b4   Section        0  u8g2_font.o(.text.u8g2_DrawStr)
    __arm_cp.26_0                            0x080035e4   Number         4  u8g2_font.o(.text.u8g2_DrawStr)
    [Anonymous Symbol]                       0x080035e8   Section        0  u8g2_buffer.o(.text.u8g2_FirstPage)
    [Anonymous Symbol]                       0x0800360e   Section        0  u8g2_intersection.o(.text.u8g2_IsIntersection)
    [Anonymous Symbol]                       0x08003672   Section        0  u8g2_buffer.o(.text.u8g2_NextPage)
    [Anonymous Symbol]                       0x080036de   Section        0  u8g2_buffer.o(.text.u8g2_SetBufferCurrTileRow)
    [Anonymous Symbol]                       0x08003704   Section        0  u8g2_font.o(.text.u8g2_SetFont)
    [Anonymous Symbol]                       0x08003734   Section        0  u8g2_font.o(.text.u8g2_SetFontDirection)
    [Anonymous Symbol]                       0x08003748   Section        0  u8g2_font.o(.text.u8g2_SetFontMode)
    [Anonymous Symbol]                       0x0800375c   Section        0  u8g2_font.o(.text.u8g2_SetFontPosBaseline)
    __arm_cp.39_0                            0x0800376c   Number         4  u8g2_font.o(.text.u8g2_SetFontPosBaseline)
    [Anonymous Symbol]                       0x08003770   Section        0  u8g2_setup.o(.text.u8g2_SetMaxClipWindow)
    __arm_cp.0_0                             0x080037a0   Number         4  u8g2_setup.o(.text.u8g2_SetMaxClipWindow)
    [Anonymous Symbol]                       0x080037a4   Section        0  u8g2_setup.o(.text.u8g2_SetupBuffer)
    [Anonymous Symbol]                       0x0800381c   Section        0  u8g2_d_setup.o(.text.u8g2_Setup_ssd1306_128x64_noname_f)
    __arm_cp.0_0                             0x08003858   Number         4  u8g2_d_setup.o(.text.u8g2_Setup_ssd1306_128x64_noname_f)
    __arm_cp.0_1                             0x0800385c   Number         4  u8g2_d_setup.o(.text.u8g2_Setup_ssd1306_128x64_noname_f)
    __arm_cp.0_2                             0x08003860   Number         4  u8g2_d_setup.o(.text.u8g2_Setup_ssd1306_128x64_noname_f)
    [Anonymous Symbol]                       0x08003864   Section        0  u8g2_font.o(.text.u8g2_UpdateRefHeight)
    [Anonymous Symbol]                       0x08003928   Section        0  u8g2_font.o(.text.u8g2_add_vector_x)
    [Anonymous Symbol]                       0x0800399e   Section        0  u8g2_font.o(.text.u8g2_add_vector_y)
    u8g2_apply_clip_window                   0x08003a15   Thumb Code   172  u8g2_setup.o(.text.u8g2_apply_clip_window)
    [Anonymous Symbol]                       0x08003a14   Section        0  u8g2_setup.o(.text.u8g2_apply_clip_window)
    u8g2_clip_intersection2                  0x08003ac1   Thumb Code   214  u8g2_hvline.o(.text.u8g2_clip_intersection2)
    [Anonymous Symbol]                       0x08003ac0   Section        0  u8g2_hvline.o(.text.u8g2_clip_intersection2)
    [Anonymous Symbol]                       0x08003b96   Section        0  u8g2_hvline.o(.text.u8g2_draw_hv_line_2dir)
    [Anonymous Symbol]                       0x08003bd4   Section        0  u8g2_setup.o(.text.u8g2_draw_l90_r0)
    u8g2_draw_string                         0x08003c09   Thumb Code   208  u8g2_font.o(.text.u8g2_draw_string)
    [Anonymous Symbol]                       0x08003c08   Section        0  u8g2_font.o(.text.u8g2_draw_string)
    __arm_cp.27_0                            0x08003cd8   Number         4  u8g2_font.o(.text.u8g2_draw_string)
    __arm_cp.27_1                            0x08003cdc   Number         4  u8g2_font.o(.text.u8g2_draw_string)
    [Anonymous Symbol]                       0x08003ce0   Section        0  u8g2_font.o(.text.u8g2_font_calc_vref_font)
    [Anonymous Symbol]                       0x08003cea   Section        0  u8g2_font.o(.text.u8g2_font_decode_get_signed_bits)
    [Anonymous Symbol]                       0x08003d30   Section        0  u8g2_font.o(.text.u8g2_font_decode_get_unsigned_bits)
    [Anonymous Symbol]                       0x08003db8   Section        0  u8g2_font.o(.text.u8g2_font_decode_glyph)
    [Anonymous Symbol]                       0x08003ff4   Section        0  u8g2_font.o(.text.u8g2_font_decode_len)
    u8g2_font_draw_glyph                     0x08004137   Thumb Code    80  u8g2_font.o(.text.u8g2_font_draw_glyph)
    [Anonymous Symbol]                       0x08004136   Section        0  u8g2_font.o(.text.u8g2_font_draw_glyph)
    u8g2_font_get_byte                       0x08004187   Thumb Code    24  u8g2_font.o(.text.u8g2_font_get_byte)
    [Anonymous Symbol]                       0x08004186   Section        0  u8g2_font.o(.text.u8g2_font_get_byte)
    [Anonymous Symbol]                       0x0800419e   Section        0  u8g2_font.o(.text.u8g2_font_get_glyph_data)
    u8g2_font_get_word                       0x080042b5   Thumb Code    52  u8g2_font.o(.text.u8g2_font_get_word)
    [Anonymous Symbol]                       0x080042b4   Section        0  u8g2_font.o(.text.u8g2_font_get_word)
    u8g2_font_setup_decode                   0x080042e9   Thumb Code    82  u8g2_font.o(.text.u8g2_font_setup_decode)
    [Anonymous Symbol]                       0x080042e8   Section        0  u8g2_font.o(.text.u8g2_font_setup_decode)
    [Anonymous Symbol]                       0x0800433a   Section        0  u8g2_intersection.o(.text.u8g2_is_intersection_decision_tree)
    [Anonymous Symbol]                       0x080043ce   Section        0  u8g2_ll_hvline.o(.text.u8g2_ll_hvline_vertical_top_lsb)
    [Anonymous Symbol]                       0x08004534   Section        0  u8g2_d_memory.o(.text.u8g2_m_16_8_f)
    __arm_cp.0_0                             0x08004544   Number         4  u8g2_d_memory.o(.text.u8g2_m_16_8_f)
    [Anonymous Symbol]                       0x08004548   Section        0  u8g2_font.o(.text.u8g2_read_font_info)
    u8g2_send_buffer                         0x08004645   Thumb Code   142  u8g2_buffer.o(.text.u8g2_send_buffer)
    [Anonymous Symbol]                       0x08004644   Section        0  u8g2_buffer.o(.text.u8g2_send_buffer)
    u8g2_send_tile_row                       0x080046d3   Thumb Code    84  u8g2_buffer.o(.text.u8g2_send_tile_row)
    [Anonymous Symbol]                       0x080046d2   Section        0  u8g2_buffer.o(.text.u8g2_send_tile_row)
    u8g2_update_dimension_common             0x08004727   Thumb Code   174  u8g2_setup.o(.text.u8g2_update_dimension_common)
    [Anonymous Symbol]                       0x08004726   Section        0  u8g2_setup.o(.text.u8g2_update_dimension_common)
    [Anonymous Symbol]                       0x080047d4   Section        0  u8g2_setup.o(.text.u8g2_update_dimension_r0)
    [Anonymous Symbol]                       0x080047e4   Section        0  u8g2_setup.o(.text.u8g2_update_page_win_r0)
    [Anonymous Symbol]                       0x0800481a   Section        0  u8x8_display.o(.text.u8x8_DrawTile)
    [Anonymous Symbol]                       0x0800484e   Section        0  u8x8_display.o(.text.u8x8_InitDisplay)
    [Anonymous Symbol]                       0x08004864   Section        0  u8x8_display.o(.text.u8x8_RefreshDisplay)
    [Anonymous Symbol]                       0x0800487a   Section        0  u8x8_display.o(.text.u8x8_SetPowerSave)
    [Anonymous Symbol]                       0x0800489a   Section        0  u8x8_setup.o(.text.u8x8_Setup)
    [Anonymous Symbol]                       0x080048d0   Section        0  u8x8_setup.o(.text.u8x8_SetupDefaults)
    __arm_cp.2_0                             0x08004910   Number         4  u8x8_setup.o(.text.u8x8_SetupDefaults)
    [Anonymous Symbol]                       0x08004914   Section        0  u8x8_display.o(.text.u8x8_SetupMemory)
    [Anonymous Symbol]                       0x0800492c   Section        0  u8x8_8x8.o(.text.u8x8_ascii_next)
    __arm_cp.9_0                             0x08004960   Number         4  u8x8_8x8.o(.text.u8x8_ascii_next)
    [Anonymous Symbol]                       0x08004964   Section        0  spi.o(.text.u8x8_byte_4wire_hw_spi)
    __arm_cp.8_0                             0x08004a3c   Number         4  spi.o(.text.u8x8_byte_4wire_hw_spi)
    __arm_cp.8_1                             0x08004a40   Number         4  spi.o(.text.u8x8_byte_4wire_hw_spi)
    [Anonymous Symbol]                       0x08004a44   Section        0  u8x8_byte.o(.text.u8x8_byte_SendByte)
    [Anonymous Symbol]                       0x08004a5a   Section        0  u8x8_byte.o(.text.u8x8_byte_SendBytes)
    [Anonymous Symbol]                       0x08004a7c   Section        0  u8x8_byte.o(.text.u8x8_byte_SetDC)
    [Anonymous Symbol]                       0x08004a9c   Section        0  u8x8_cad.o(.text.u8x8_cad_001)
    [Anonymous Symbol]                       0x08004b38   Section        0  u8x8_cad.o(.text.u8x8_cad_EndTransfer)
    [Anonymous Symbol]                       0x08004b4e   Section        0  u8x8_cad.o(.text.u8x8_cad_SendArg)
    [Anonymous Symbol]                       0x08004b6e   Section        0  u8x8_cad.o(.text.u8x8_cad_SendCmd)
    [Anonymous Symbol]                       0x08004b8e   Section        0  u8x8_cad.o(.text.u8x8_cad_SendData)
    [Anonymous Symbol]                       0x08004bb0   Section        0  u8x8_cad.o(.text.u8x8_cad_SendSequence)
    [Anonymous Symbol]                       0x08004c54   Section        0  u8x8_cad.o(.text.u8x8_cad_StartTransfer)
    [Anonymous Symbol]                       0x08004c6a   Section        0  u8x8_display.o(.text.u8x8_d_helper_display_init)
    [Anonymous Symbol]                       0x08004cd6   Section        0  u8x8_display.o(.text.u8x8_d_helper_display_setup_memory)
    [Anonymous Symbol]                       0x08004cf0   Section        0  u8x8_d_ssd1306_128x64_noname.o(.text.u8x8_d_ssd1306_128x64_noname)
    __arm_cp.0_0                             0x08004d68   Number         4  u8x8_d_ssd1306_128x64_noname.o(.text.u8x8_d_ssd1306_128x64_noname)
    __arm_cp.0_1                             0x08004d6c   Number         4  u8x8_d_ssd1306_128x64_noname.o(.text.u8x8_d_ssd1306_128x64_noname)
    u8x8_d_ssd1306_sh1106_generic            0x08004d71   Thumb Code   344  u8x8_d_ssd1306_128x64_noname.o(.text.u8x8_d_ssd1306_sh1106_generic)
    [Anonymous Symbol]                       0x08004d70   Section        0  u8x8_d_ssd1306_128x64_noname.o(.text.u8x8_d_ssd1306_sh1106_generic)
    __arm_cp.1_0                             0x08004ec8   Number         4  u8x8_d_ssd1306_128x64_noname.o(.text.u8x8_d_ssd1306_sh1106_generic)
    __arm_cp.1_1                             0x08004ecc   Number         4  u8x8_d_ssd1306_128x64_noname.o(.text.u8x8_d_ssd1306_sh1106_generic)
    __arm_cp.1_2                             0x08004ed0   Number         4  u8x8_d_ssd1306_128x64_noname.o(.text.u8x8_d_ssd1306_sh1106_generic)
    __arm_cp.1_3                             0x08004ed4   Number         4  u8x8_d_ssd1306_128x64_noname.o(.text.u8x8_d_ssd1306_sh1106_generic)
    [Anonymous Symbol]                       0x08004ed8   Section        0  u8x8_setup.o(.text.u8x8_dummy_cb)
    [Anonymous Symbol]                       0x08004eee   Section        0  u8x8_gpio.o(.text.u8x8_gpio_call)
    [Anonymous Symbol]                       0x08004f14   Section        0  spi.o(.text.u8x8_stm32_gpio_and_delay)
    __arm_cp.13_0                            0x0800500c   Number         4  spi.o(.text.u8x8_stm32_gpio_and_delay)
    [Anonymous Symbol]                       0x08005010   Section        0  u8x8_8x8.o(.text.u8x8_utf8_init)
    i.__0printf                              0x08005020   Section        0  printfa.o(i.__0printf)
    i.__0sprintf                             0x08005040   Section        0  printfa.o(i.__0sprintf)
    i.__ARM_clz                              0x08005068   Section        0  depilogue.o(i.__ARM_clz)
    i.__scatterload_copy                     0x08005096   Section       14  handlers.o(i.__scatterload_copy)
    i.__scatterload_null                     0x080050a4   Section        2  handlers.o(i.__scatterload_null)
    i.__scatterload_zeroinit                 0x080050a6   Section       14  handlers.o(i.__scatterload_zeroinit)
    _fp_digits                               0x080050b5   Thumb Code   344  printfa.o(i._fp_digits)
    i._fp_digits                             0x080050b4   Section        0  printfa.o(i._fp_digits)
    _printf_core                             0x08005229   Thumb Code  1754  printfa.o(i._printf_core)
    i._printf_core                           0x08005228   Section        0  printfa.o(i._printf_core)
    _printf_post_padding                     0x08005915   Thumb Code    32  printfa.o(i._printf_post_padding)
    i._printf_post_padding                   0x08005914   Section        0  printfa.o(i._printf_post_padding)
    _printf_pre_padding                      0x08005935   Thumb Code    44  printfa.o(i._printf_pre_padding)
    i._printf_pre_padding                    0x08005934   Section        0  printfa.o(i._printf_pre_padding)
    _sputc                                   0x08005961   Thumb Code    10  printfa.o(i._sputc)
    i._sputc                                 0x08005960   Section        0  printfa.o(i._sputc)
    __tagsym$$used.0                         0x0800596c   Number         0  eventrecorder.o(.rodata.EventRecorderInfo)
    OFFSET_TAB_CCMRx                         0x08005984   Data           9  tim.o(.rodata.OFFSET_TAB_CCMRx)
    [Anonymous Symbol]                       0x08005984   Section        0  tim.o(.rodata.OFFSET_TAB_CCMRx)
    SHIFT_TAB_OCxx                           0x0800598d   Data           9  tim.o(.rodata.SHIFT_TAB_OCxx)
    [Anonymous Symbol]                       0x0800598d   Section        0  tim.o(.rodata.SHIFT_TAB_OCxx)
    [Anonymous Symbol]                       0x08005996   Section        0  main.o(.rodata.str1.1)
    u8x8_d_ssd1306_128x64_noname_flip0_seq   0x08005ecf   Data           7  u8x8_d_ssd1306_128x64_noname.o(.rodata.u8x8_d_ssd1306_128x64_noname_flip0_seq)
    [Anonymous Symbol]                       0x08005ecf   Section        0  u8x8_d_ssd1306_128x64_noname.o(.rodata.u8x8_d_ssd1306_128x64_noname_flip0_seq)
    u8x8_d_ssd1306_128x64_noname_flip1_seq   0x08005ed6   Data           7  u8x8_d_ssd1306_128x64_noname.o(.rodata.u8x8_d_ssd1306_128x64_noname_flip1_seq)
    [Anonymous Symbol]                       0x08005ed6   Section        0  u8x8_d_ssd1306_128x64_noname.o(.rodata.u8x8_d_ssd1306_128x64_noname_flip1_seq)
    u8x8_d_ssd1306_128x64_noname_init_seq    0x08005edd   Data          53  u8x8_d_ssd1306_128x64_noname.o(.rodata.u8x8_d_ssd1306_128x64_noname_init_seq)
    [Anonymous Symbol]                       0x08005edd   Section        0  u8x8_d_ssd1306_128x64_noname.o(.rodata.u8x8_d_ssd1306_128x64_noname_init_seq)
    u8x8_d_ssd1306_128x64_noname_powersave0_seq 0x08005f12   Data           5  u8x8_d_ssd1306_128x64_noname.o(.rodata.u8x8_d_ssd1306_128x64_noname_powersave0_seq)
    [Anonymous Symbol]                       0x08005f12   Section        0  u8x8_d_ssd1306_128x64_noname.o(.rodata.u8x8_d_ssd1306_128x64_noname_powersave0_seq)
    u8x8_d_ssd1306_128x64_noname_powersave1_seq 0x08005f17   Data           5  u8x8_d_ssd1306_128x64_noname.o(.rodata.u8x8_d_ssd1306_128x64_noname_powersave1_seq)
    [Anonymous Symbol]                       0x08005f17   Section        0  u8x8_d_ssd1306_128x64_noname.o(.rodata.u8x8_d_ssd1306_128x64_noname_powersave1_seq)
    u8x8_ssd1306_128x64_noname_display_info  0x08005f1c   Data          24  u8x8_d_ssd1306_128x64_noname.o(.rodata.u8x8_ssd1306_128x64_noname_display_info)
    [Anonymous Symbol]                       0x08005f1c   Section        0  u8x8_d_ssd1306_128x64_noname.o(.rodata.u8x8_ssd1306_128x64_noname_display_info)
    .data                                    0x20000000   Section        4  stdout.o(.data)
    SysTickCount                             0x20000020   Data           4  eventrecorder.o(.bss.SysTickCount)
    [Anonymous Symbol]                       0x20000020   Section        0  eventrecorder.o(.bss.SysTickCount)
    SysTickUpdated                           0x20000024   Data           1  eventrecorder.o(.bss.SysTickUpdated)
    [Anonymous Symbol]                       0x20000024   Section        0  eventrecorder.o(.bss.SysTickUpdated)
    TS_OverflowLock                          0x20000025   Data           1  eventrecorder.o(.bss.TS_OverflowLock)
    [Anonymous Symbol]                       0x20000025   Section        0  eventrecorder.o(.bss.TS_OverflowLock)
    stdout_putchar.buffer                    0x20000038   Data           8  retarget_io.o(.bss.stdout_putchar.buffer)
    [Anonymous Symbol]                       0x20000038   Section        0  retarget_io.o(.bss.stdout_putchar.buffer)
    stdout_putchar.index                     0x20000040   Data           4  retarget_io.o(.bss.stdout_putchar.index)
    [Anonymous Symbol]                       0x20000040   Section        0  retarget_io.o(.bss.stdout_putchar.index)
    u8g2                                     0x20000048   Data         148  main.o(.bss.u8g2)
    [Anonymous Symbol]                       0x20000048   Section        0  main.o(.bss.u8g2)
    u8g2_m_16_8_f.buf                        0x200000dc   Data        1024  u8g2_d_memory.o(.bss.u8g2_m_16_8_f.buf)
    [Anonymous Symbol]                       0x200000dc   Section        0  u8g2_d_memory.o(.bss.u8g2_m_16_8_f.buf)
    STACK                                    0x200004e0   Section     1024  startup_stm32g030xx.o(STACK)
    EventBuffer                              0x20000900   Data        1024  eventrecorder.o(.bss.noinit)
    [Anonymous Symbol]                       0x20000900   Section        0  eventrecorder.o(.bss.noinit)
    EventFilter                              0x20000d00   Data         128  eventrecorder.o(.bss.noinit)
    EventStatus                              0x20000d80   Data          36  eventrecorder.o(.bss.noinit)

    Global Symbols

    Symbol Name                              Value     Ov Type        Size  Object(Section)

    BuildAttributes$$THM_ISAv3M$S$PE$A:L22$X:L11$S22$IEEE1$IW$~IW$USESV6$~STKCKD$USESV7$~SHL$OTIME$ROPI$EBA8$MICROLIB$REQ8$PRES8$EABIv2 0x00000000   Number         0  anon$$obj.o ABSOLUTE
    __cpp_initialize__aeabi_                  - Undefined Weak Reference
    __cxa_finalize                            - Undefined Weak Reference
    __decompress                              - Undefined Weak Reference
    _clock_init                               - Undefined Weak Reference
    _microlib_exit                            - Undefined Weak Reference
    __Vectors_Size                           0x000000c0   Number         0  startup_stm32g030xx.o ABSOLUTE
    __Vectors                                0x08000000   Data           4  startup_stm32g030xx.o(RESET)
    __Vectors_End                            0x080000c0   Data           0  startup_stm32g030xx.o(RESET)
    __main                                   0x080000c1   Thumb Code     0  entry.o(.ARM.Collect$$$$00000000)
    _main_stk                                0x080000c1   Thumb Code     0  entry2.o(.ARM.Collect$$$$00000001)
    _main_scatterload                        0x080000c5   Thumb Code     0  entry5.o(.ARM.Collect$$$$00000004)
    __main_after_scatterload                 0x080000c9   Thumb Code     0  entry5.o(.ARM.Collect$$$$00000004)
    _main_clock                              0x080000c9   Thumb Code     0  entry7b.o(.ARM.Collect$$$$00000008)
    _main_cpp_init                           0x080000c9   Thumb Code     0  entry8b.o(.ARM.Collect$$$$0000000A)
    _main_init                               0x080000c9   Thumb Code     0  entry9a.o(.ARM.Collect$$$$0000000B)
    __rt_final_cpp                           0x080000d1   Thumb Code     0  entry10a.o(.ARM.Collect$$$$0000000D)
    __rt_final_exit                          0x080000d1   Thumb Code     0  entry11a.o(.ARM.Collect$$$$0000000F)
    Reset_Handler                            0x080000d5   Thumb Code     8  startup_stm32g030xx.o(.text)
    ADC1_IRQHandler                          0x080000e7   Thumb Code     0  startup_stm32g030xx.o(.text)
    DMA1_Ch4_5_DMAMUX1_OVR_IRQHandler        0x080000e7   Thumb Code     0  startup_stm32g030xx.o(.text)
    DMA1_Channel1_IRQHandler                 0x080000e7   Thumb Code     0  startup_stm32g030xx.o(.text)
    DMA1_Channel2_3_IRQHandler               0x080000e7   Thumb Code     0  startup_stm32g030xx.o(.text)
    EXTI0_1_IRQHandler                       0x080000e7   Thumb Code     0  startup_stm32g030xx.o(.text)
    EXTI2_3_IRQHandler                       0x080000e7   Thumb Code     0  startup_stm32g030xx.o(.text)
    EXTI4_15_IRQHandler                      0x080000e7   Thumb Code     0  startup_stm32g030xx.o(.text)
    FLASH_IRQHandler                         0x080000e7   Thumb Code     0  startup_stm32g030xx.o(.text)
    I2C1_IRQHandler                          0x080000e7   Thumb Code     0  startup_stm32g030xx.o(.text)
    I2C2_IRQHandler                          0x080000e7   Thumb Code     0  startup_stm32g030xx.o(.text)
    RCC_IRQHandler                           0x080000e7   Thumb Code     0  startup_stm32g030xx.o(.text)
    RTC_TAMP_IRQHandler                      0x080000e7   Thumb Code     0  startup_stm32g030xx.o(.text)
    SPI1_IRQHandler                          0x080000e7   Thumb Code     0  startup_stm32g030xx.o(.text)
    SPI2_IRQHandler                          0x080000e7   Thumb Code     0  startup_stm32g030xx.o(.text)
    TIM14_IRQHandler                         0x080000e7   Thumb Code     0  startup_stm32g030xx.o(.text)
    TIM16_IRQHandler                         0x080000e7   Thumb Code     0  startup_stm32g030xx.o(.text)
    TIM17_IRQHandler                         0x080000e7   Thumb Code     0  startup_stm32g030xx.o(.text)
    TIM1_BRK_UP_TRG_COM_IRQHandler           0x080000e7   Thumb Code     0  startup_stm32g030xx.o(.text)
    TIM1_CC_IRQHandler                       0x080000e7   Thumb Code     0  startup_stm32g030xx.o(.text)
    TIM3_IRQHandler                          0x080000e7   Thumb Code     0  startup_stm32g030xx.o(.text)
    USART1_IRQHandler                        0x080000e7   Thumb Code     0  startup_stm32g030xx.o(.text)
    USART2_IRQHandler                        0x080000e7   Thumb Code     0  startup_stm32g030xx.o(.text)
    WWDG_IRQHandler                          0x080000e7   Thumb Code     0  startup_stm32g030xx.o(.text)
    abs                                      0x080000f1   Thumb Code     8  siabs.o(.text)
    __aeabi_memcpy                           0x080000f9   Thumb Code    36  memcpya.o(.text)
    __aeabi_memcpy4                          0x080000f9   Thumb Code     0  memcpya.o(.text)
    __aeabi_memcpy8                          0x080000f9   Thumb Code     0  memcpya.o(.text)
    __aeabi_memset                           0x0800011d   Thumb Code    14  memseta.o(.text)
    __aeabi_memset4                          0x0800011d   Thumb Code     0  memseta.o(.text)
    __aeabi_memset8                          0x0800011d   Thumb Code     0  memseta.o(.text)
    __aeabi_memclr                           0x0800012b   Thumb Code     4  memseta.o(.text)
    __aeabi_memclr4                          0x0800012b   Thumb Code     0  memseta.o(.text)
    __aeabi_memclr8                          0x0800012b   Thumb Code     0  memseta.o(.text)
    _memset$wrapper                          0x0800012f   Thumb Code    18  memseta.o(.text)
    __aeabi_fadd                             0x08000141   Thumb Code   162  fadd.o(.text)
    __aeabi_fsub                             0x080001e3   Thumb Code     8  fadd.o(.text)
    __aeabi_frsub                            0x080001eb   Thumb Code     8  fadd.o(.text)
    __aeabi_fmul                             0x080001f3   Thumb Code   122  fmul.o(.text)
    __aeabi_fdiv                             0x0800026d   Thumb Code   124  fdiv.o(.text)
    __aeabi_fcmple                           0x080002e9   Thumb Code    28  fcmple.o(.text)
    __aeabi_fcmpge                           0x08000305   Thumb Code    28  fcmpge.o(.text)
    __aeabi_dcmpge                           0x08000321   Thumb Code    44  dcmpge.o(.text)
    __aeabi_i2f                              0x0800034d   Thumb Code    22  fflti.o(.text)
    __aeabi_ui2f                             0x08000363   Thumb Code    14  ffltui.o(.text)
    __aeabi_f2iz                             0x08000371   Thumb Code    50  ffixi.o(.text)
    __aeabi_f2d                              0x080003a3   Thumb Code    40  f2d.o(.text)
    __aeabi_uidiv                            0x080003cb   Thumb Code     0  uidiv_div0.o(.text)
    __aeabi_uidivmod                         0x080003cb   Thumb Code    62  uidiv_div0.o(.text)
    __aeabi_idiv                             0x08000409   Thumb Code     0  idiv_div0.o(.text)
    __aeabi_idivmod                          0x08000409   Thumb Code    74  idiv_div0.o(.text)
    __aeabi_uldivmod                         0x08000459   Thumb Code    96  uldiv.o(.text)
    __I$use$fp                               0x080004b9   Thumb Code     0  iusefp.o(.text)
    _float_round                             0x080004b9   Thumb Code    16  fepilogue.o(.text)
    _float_epilogue                          0x080004c9   Thumb Code   114  fepilogue.o(.text)
    __aeabi_dadd                             0x0800053d   Thumb Code   328  dadd.o(.text)
    __aeabi_dsub                             0x08000685   Thumb Code    12  dadd.o(.text)
    __aeabi_drsub                            0x08000691   Thumb Code    12  dadd.o(.text)
    __aeabi_dmul                             0x080006a1   Thumb Code   202  dmul.o(.text)
    __aeabi_ddiv                             0x08000771   Thumb Code   234  ddiv.o(.text)
    __aeabi_d2ulz                            0x08000861   Thumb Code    54  dfixul.o(.text)
    __aeabi_cdrcmple                         0x080008a1   Thumb Code    38  cdrcmple.o(.text)
    __scatterload                            0x080008c9   Thumb Code    28  init.o(.text)
    __scatterload_rt2                        0x080008c9   Thumb Code     0  init.o(.text)
    __aeabi_llsl                             0x080008ed   Thumb Code    32  llshl.o(.text)
    _ll_shift_l                              0x080008ed   Thumb Code     0  llshl.o(.text)
    __aeabi_llsr                             0x0800090d   Thumb Code    34  llushr.o(.text)
    _ll_ushift_r                             0x0800090d   Thumb Code     0  llushr.o(.text)
    __aeabi_lasr                             0x0800092f   Thumb Code    38  llsshr.o(.text)
    _ll_sshift_r                             0x0800092f   Thumb Code     0  llsshr.o(.text)
    _double_round                            0x08000955   Thumb Code    26  depilogue.o(.text)
    _double_epilogue                         0x0800096f   Thumb Code   164  depilogue.o(.text)
    Activate_ADC                             0x08000a15   Thumb Code   172  adc.o(.text.Activate_ADC)
    AdcGetValue                              0x08000ac9   Thumb Code   136  adc.o(.text.AdcGetValue)
    EventRecordData                          0x08000bdd   Thumb Code   472  eventrecorder.o(.text.EventRecordData)
    EventRecorderEnable                      0x08000ea9   Thumb Code   144  eventrecorder.o(.text.EventRecorderEnable)
    EventRecorderInitialize                  0x08000f3d   Thumb Code   384  eventrecorder.o(.text.EventRecorderInitialize)
    EventRecorderStart                       0x080010d5   Thumb Code    60  eventrecorder.o(.text.EventRecorderStart)
    EventRecorderTimerGetCount               0x08001115   Thumb Code     8  eventrecorder.o(.text.EventRecorderTimerGetCount)
    EventRecorderTimerGetFreq                0x0800111d   Thumb Code     8  eventrecorder.o(.text.EventRecorderTimerGetFreq)
    EventRecorderTimerSetup                  0x08001125   Thumb Code     8  eventrecorder.o(.text.EventRecorderTimerSetup)
    GPIO_WriteBit                            0x0800112d   Thumb Code    44  spi.o(.text.GPIO_WriteBit)
    HardFault_Handler                        0x08001171   Thumb Code     4  stm32g0xx_it.o(.text.HardFault_Handler)
    LL_ADC_Init                              0x08001209   Thumb Code    92  stm32g0xx_ll_adc.o(.text.LL_ADC_Init)
    LL_ADC_REG_Init                          0x080012f5   Thumb Code   196  stm32g0xx_ll_adc.o(.text.LL_ADC_REG_Init)
    LL_GPIO_Init                             0x080015fd   Thumb Code   184  stm32g0xx_ll_gpio.o(.text.LL_GPIO_Init)
    LL_Init1msTick                           0x0800183d   Thumb Code    20  stm32g0xx_ll_utils.o(.text.LL_Init1msTick)
    LL_SPI_Init                              0x08001925   Thumb Code   176  stm32g0xx_ll_spi.o(.text.LL_SPI_Init)
    LL_SetSystemCoreClock                    0x08001a71   Thumb Code    16  stm32g0xx_ll_utils.o(.text.LL_SetSystemCoreClock)
    LL_TIM_Init                              0x08001b09   Thumb Code   200  stm32g0xx_ll_tim.o(.text.LL_TIM_Init)
    LL_TIM_OC_Init                           0x08001e8d   Thumb Code   176  stm32g0xx_ll_tim.o(.text.LL_TIM_OC_Init)
    LL_mDelay                                0x0800201d   Thumb Code    72  stm32g0xx_ll_utils.o(.text.LL_mDelay)
    MX_ADC1_Init                             0x080020d1   Thumb Code   348  adc.o(.text.MX_ADC1_Init)
    MX_GPIO_Init                             0x08002249   Thumb Code   260  gpio.o(.text.MX_GPIO_Init)
    MX_SPI1_Init                             0x08002351   Thumb Code   168  spi.o(.text.MX_SPI1_Init)
    MX_TIM14_Init                            0x080023fd   Thumb Code    76  tim.o(.text.MX_TIM14_Init)
    MX_TIM3_Init                             0x08002451   Thumb Code   196  tim.o(.text.MX_TIM3_Init)
    NMI_Handler                              0x08002521   Thumb Code     4  stm32g0xx_it.o(.text.NMI_Handler)
    PendSV_Handler                           0x080029e9   Thumb Code     2  stm32g0xx_it.o(.text.PendSV_Handler)
    SVC_Handler                              0x080029eb   Thumb Code     2  stm32g0xx_it.o(.text.SVC_Handler)
    SysTick_Handler                          0x08002a55   Thumb Code    20  eventrecorder.o(.text.SysTick_Handler)
    SystemClock_Config                       0x08002a71   Thumb Code    76  main.o(.text.SystemClock_Config)
    SystemInit                               0x08002ac1   Thumb Code     2  system_stm32g0xx.o(.text.SystemInit)
    T12_ADC_Read                             0x08002ac5   Thumb Code    36  adc.o(.text.T12_ADC_Read)
    Temp_ADC_Read                            0x08002aed   Thumb Code    88  adc.o(.text.Temp_ADC_Read)
    Vin_Read                                 0x08002bcd   Thumb Code    44  adc.o(.text.Vin_Read)
    Vref_Read                                0x08002c01   Thumb Code    40  adc.o(.text.Vref_Read)
    calculateTemp                            0x08002e49   Thumb Code   160  main.o(.text.calculateTemp)
    calculate_pid_pwm                        0x08002eed   Thumb Code   288  main.o(.text.calculate_pid_pwm)
    fputc                                    0x0800309d   Thumb Code    44  retarget_io.o(.text.fputc)
    main                                     0x080030cd   Thumb Code   504  main.o(.text.main)
    map                                      0x08003315   Thumb Code    74  main.o(.text.map)
    u8g2_ClearBuffer                         0x080033c5   Thumb Code    46  u8g2_buffer.o(.text.u8g2_ClearBuffer)
    u8g2_DrawGlyph                           0x080033f5   Thumb Code   150  u8g2_font.o(.text.u8g2_DrawGlyph)
    u8g2_DrawHVLine                          0x0800348b   Thumb Code   298  u8g2_hvline.o(.text.u8g2_DrawHVLine)
    u8g2_DrawStr                             0x080035b5   Thumb Code    48  u8g2_font.o(.text.u8g2_DrawStr)
    u8g2_FirstPage                           0x080035e9   Thumb Code    38  u8g2_buffer.o(.text.u8g2_FirstPage)
    u8g2_IsIntersection                      0x0800360f   Thumb Code   100  u8g2_intersection.o(.text.u8g2_IsIntersection)
    u8g2_NextPage                            0x08003673   Thumb Code   108  u8g2_buffer.o(.text.u8g2_NextPage)
    u8g2_SetBufferCurrTileRow                0x080036df   Thumb Code    38  u8g2_buffer.o(.text.u8g2_SetBufferCurrTileRow)
    u8g2_SetFont                             0x08003705   Thumb Code    48  u8g2_font.o(.text.u8g2_SetFont)
    u8g2_SetFontDirection                    0x08003735   Thumb Code    20  u8g2_font.o(.text.u8g2_SetFontDirection)
    u8g2_SetFontMode                         0x08003749   Thumb Code    20  u8g2_font.o(.text.u8g2_SetFontMode)
    u8g2_SetFontPosBaseline                  0x0800375d   Thumb Code    16  u8g2_font.o(.text.u8g2_SetFontPosBaseline)
    u8g2_SetMaxClipWindow                    0x08003771   Thumb Code    48  u8g2_setup.o(.text.u8g2_SetMaxClipWindow)
    u8g2_SetupBuffer                         0x080037a5   Thumb Code   120  u8g2_setup.o(.text.u8g2_SetupBuffer)
    u8g2_Setup_ssd1306_128x64_noname_f       0x0800381d   Thumb Code    60  u8g2_d_setup.o(.text.u8g2_Setup_ssd1306_128x64_noname_f)
    u8g2_UpdateRefHeight                     0x08003865   Thumb Code   196  u8g2_font.o(.text.u8g2_UpdateRefHeight)
    u8g2_add_vector_x                        0x08003929   Thumb Code   118  u8g2_font.o(.text.u8g2_add_vector_x)
    u8g2_add_vector_y                        0x0800399f   Thumb Code   118  u8g2_font.o(.text.u8g2_add_vector_y)
    u8g2_draw_hv_line_2dir                   0x08003b97   Thumb Code    62  u8g2_hvline.o(.text.u8g2_draw_hv_line_2dir)
    u8g2_draw_l90_r0                         0x08003bd5   Thumb Code    52  u8g2_setup.o(.text.u8g2_draw_l90_r0)
    u8g2_font_calc_vref_font                 0x08003ce1   Thumb Code    10  u8g2_font.o(.text.u8g2_font_calc_vref_font)
    u8g2_font_decode_get_signed_bits         0x08003ceb   Thumb Code    70  u8g2_font.o(.text.u8g2_font_decode_get_signed_bits)
    u8g2_font_decode_get_unsigned_bits       0x08003d31   Thumb Code   136  u8g2_font.o(.text.u8g2_font_decode_get_unsigned_bits)
    u8g2_font_decode_glyph                   0x08003db9   Thumb Code   572  u8g2_font.o(.text.u8g2_font_decode_glyph)
    u8g2_font_decode_len                     0x08003ff5   Thumb Code   322  u8g2_font.o(.text.u8g2_font_decode_len)
    u8g2_font_get_glyph_data                 0x0800419f   Thumb Code   278  u8g2_font.o(.text.u8g2_font_get_glyph_data)
    u8g2_is_intersection_decision_tree       0x0800433b   Thumb Code   148  u8g2_intersection.o(.text.u8g2_is_intersection_decision_tree)
    u8g2_ll_hvline_vertical_top_lsb          0x080043cf   Thumb Code   356  u8g2_ll_hvline.o(.text.u8g2_ll_hvline_vertical_top_lsb)
    u8g2_m_16_8_f                            0x08004535   Thumb Code    16  u8g2_d_memory.o(.text.u8g2_m_16_8_f)
    u8g2_read_font_info                      0x08004549   Thumb Code   252  u8g2_font.o(.text.u8g2_read_font_info)
    u8g2_update_dimension_r0                 0x080047d5   Thumb Code    16  u8g2_setup.o(.text.u8g2_update_dimension_r0)
    u8g2_update_page_win_r0                  0x080047e5   Thumb Code    54  u8g2_setup.o(.text.u8g2_update_page_win_r0)
    u8x8_DrawTile                            0x0800481b   Thumb Code    52  u8x8_display.o(.text.u8x8_DrawTile)
    u8x8_InitDisplay                         0x0800484f   Thumb Code    22  u8x8_display.o(.text.u8x8_InitDisplay)
    u8x8_RefreshDisplay                      0x08004865   Thumb Code    22  u8x8_display.o(.text.u8x8_RefreshDisplay)
    u8x8_SetPowerSave                        0x0800487b   Thumb Code    32  u8x8_display.o(.text.u8x8_SetPowerSave)
    u8x8_Setup                               0x0800489b   Thumb Code    54  u8x8_setup.o(.text.u8x8_Setup)
    u8x8_SetupDefaults                       0x080048d1   Thumb Code    64  u8x8_setup.o(.text.u8x8_SetupDefaults)
    u8x8_SetupMemory                         0x08004915   Thumb Code    22  u8x8_display.o(.text.u8x8_SetupMemory)
    u8x8_ascii_next                          0x0800492d   Thumb Code    52  u8x8_8x8.o(.text.u8x8_ascii_next)
    u8x8_byte_4wire_hw_spi                   0x08004965   Thumb Code   216  spi.o(.text.u8x8_byte_4wire_hw_spi)
    u8x8_byte_SendByte                       0x08004a45   Thumb Code    22  u8x8_byte.o(.text.u8x8_byte_SendByte)
    u8x8_byte_SendBytes                      0x08004a5b   Thumb Code    34  u8x8_byte.o(.text.u8x8_byte_SendBytes)
    u8x8_byte_SetDC                          0x08004a7d   Thumb Code    32  u8x8_byte.o(.text.u8x8_byte_SetDC)
    u8x8_cad_001                             0x08004a9d   Thumb Code   156  u8x8_cad.o(.text.u8x8_cad_001)
    u8x8_cad_EndTransfer                     0x08004b39   Thumb Code    22  u8x8_cad.o(.text.u8x8_cad_EndTransfer)
    u8x8_cad_SendArg                         0x08004b4f   Thumb Code    32  u8x8_cad.o(.text.u8x8_cad_SendArg)
    u8x8_cad_SendCmd                         0x08004b6f   Thumb Code    32  u8x8_cad.o(.text.u8x8_cad_SendCmd)
    u8x8_cad_SendData                        0x08004b8f   Thumb Code    34  u8x8_cad.o(.text.u8x8_cad_SendData)
    u8x8_cad_SendSequence                    0x08004bb1   Thumb Code   164  u8x8_cad.o(.text.u8x8_cad_SendSequence)
    u8x8_cad_StartTransfer                   0x08004c55   Thumb Code    22  u8x8_cad.o(.text.u8x8_cad_StartTransfer)
    u8x8_d_helper_display_init               0x08004c6b   Thumb Code   108  u8x8_display.o(.text.u8x8_d_helper_display_init)
    u8x8_d_helper_display_setup_memory       0x08004cd7   Thumb Code    26  u8x8_display.o(.text.u8x8_d_helper_display_setup_memory)
    u8x8_d_ssd1306_128x64_noname             0x08004cf1   Thumb Code   120  u8x8_d_ssd1306_128x64_noname.o(.text.u8x8_d_ssd1306_128x64_noname)
    u8x8_dummy_cb                            0x08004ed9   Thumb Code    22  u8x8_setup.o(.text.u8x8_dummy_cb)
    u8x8_gpio_call                           0x08004eef   Thumb Code    38  u8x8_gpio.o(.text.u8x8_gpio_call)
    u8x8_stm32_gpio_and_delay                0x08004f15   Thumb Code   248  spi.o(.text.u8x8_stm32_gpio_and_delay)
    u8x8_utf8_init                           0x08005011   Thumb Code    16  u8x8_8x8.o(.text.u8x8_utf8_init)
    __0printf                                0x08005021   Thumb Code    24  printfa.o(i.__0printf)
    __1printf                                0x08005021   Thumb Code     0  printfa.o(i.__0printf)
    __2printf                                0x08005021   Thumb Code     0  printfa.o(i.__0printf)
    __c89printf                              0x08005021   Thumb Code     0  printfa.o(i.__0printf)
    printf                                   0x08005021   Thumb Code     0  printfa.o(i.__0printf)
    __0sprintf                               0x08005041   Thumb Code    36  printfa.o(i.__0sprintf)
    __1sprintf                               0x08005041   Thumb Code     0  printfa.o(i.__0sprintf)
    __2sprintf                               0x08005041   Thumb Code     0  printfa.o(i.__0sprintf)
    __c89sprintf                             0x08005041   Thumb Code     0  printfa.o(i.__0sprintf)
    sprintf                                  0x08005041   Thumb Code     0  printfa.o(i.__0sprintf)
    __ARM_clz                                0x08005069   Thumb Code    46  depilogue.o(i.__ARM_clz)
    __scatterload_copy                       0x08005097   Thumb Code    14  handlers.o(i.__scatterload_copy)
    __scatterload_null                       0x080050a5   Thumb Code     2  handlers.o(i.__scatterload_null)
    __scatterload_zeroinit                   0x080050a7   Thumb Code    14  handlers.o(i.__scatterload_zeroinit)
    EventRecorderInfo                        0x0800596c   Data          24  eventrecorder.o(.rodata.EventRecorderInfo)
    temp_calibration_table                   0x080059e8   Data          16  main.o(.rodata.temp_calibration_table)
    u8g2_cb_r0                               0x080059f8   Data          12  u8g2_setup.o(.rodata.u8g2_cb_r0)
    u8g2_font_9x15_tr                        0x08005a04   Data        1227  u8g2_fonts.o(.rodata.u8g2_font_9x15_tr)
    Region$$Table$$Base                      0x08005f34   Number         0  anon$$obj.o(Region$$Table)
    Region$$Table$$Limit                     0x08005f54   Number         0  anon$$obj.o(Region$$Table)
    __stdout                                 0x20000000   Data           4  stdout.o(.data)
    SystemCoreClock                          0x20000004   Data           4  system_stm32g0xx.o(.data.SystemCoreClock)
    t12_pid                                  0x20000008   Data          20  main.o(.data.t12_pid)
    temp_target                              0x2000001c   Data           2  main.o(.data.temp_target)
    Vref                                     0x20000026   Data           2  adc.o(.bss.Vref)
    sprintf_tmp                              0x20000028   Data          16  main.o(.bss.sprintf_tmp)
    t12_now                                  0x20000044   Data           2  main.o(.bss.t12_now)
    t12_pwm                                  0x20000046   Data           2  main.o(.bss.t12_pwm)
    __initial_sp                             0x200008e0   Data           0  startup_stm32g030xx.o(STACK)



==============================================================================

Memory Map of the image

  Image Entry point : 0x080000c1

  Load Region LR_IROM1 (Base: 0x08000000, Size: 0x00005f78, Max: 0x00008000, ABSOLUTE)

    Execution Region ER_IROM1 (Exec base: 0x08000000, Load base: 0x08000000, Size: 0x00005f54, Max: 0x00008000, ABSOLUTE)

    Exec Addr    Load Addr    Size         Type   Attr      Idx    E Section Name        Object

    0x08000000   0x08000000   0x000000c0   Data   RO            3    RESET               startup_stm32g030xx.o
    0x080000c0   0x080000c0   0x00000000   Code   RO         3998  * .ARM.Collect$$$$00000000  mc_p.l(entry.o)
    0x080000c0   0x080000c0   0x00000004   Code   RO         4071    .ARM.Collect$$$$00000001  mc_p.l(entry2.o)
    0x080000c4   0x080000c4   0x00000004   Code   RO         4074    .ARM.Collect$$$$00000004  mc_p.l(entry5.o)
    0x080000c8   0x080000c8   0x00000000   Code   RO         4076    .ARM.Collect$$$$00000008  mc_p.l(entry7b.o)
    0x080000c8   0x080000c8   0x00000000   Code   RO         4078    .ARM.Collect$$$$0000000A  mc_p.l(entry8b.o)
    0x080000c8   0x080000c8   0x00000008   Code   RO         4079    .ARM.Collect$$$$0000000B  mc_p.l(entry9a.o)
    0x080000d0   0x080000d0   0x00000000   Code   RO         4081    .ARM.Collect$$$$0000000D  mc_p.l(entry10a.o)
    0x080000d0   0x080000d0   0x00000000   Code   RO         4083    .ARM.Collect$$$$0000000F  mc_p.l(entry11a.o)
    0x080000d0   0x080000d0   0x00000004   Code   RO         4072    .ARM.Collect$$$$00002712  mc_p.l(entry2.o)
    0x080000d4   0x080000d4   0x0000001c   Code   RO            4    .text               startup_stm32g030xx.o
    0x080000f0   0x080000f0   0x00000008   Code   RO         4013    .text               mc_p.l(siabs.o)
    0x080000f8   0x080000f8   0x00000024   Code   RO         4017    .text               mc_p.l(memcpya.o)
    0x0800011c   0x0800011c   0x00000024   Code   RO         4019    .text               mc_p.l(memseta.o)
    0x08000140   0x08000140   0x000000b2   Code   RO         4051    .text               mf_p.l(fadd.o)
    0x080001f2   0x080001f2   0x0000007a   Code   RO         4053    .text               mf_p.l(fmul.o)
    0x0800026c   0x0800026c   0x0000007c   Code   RO         4055    .text               mf_p.l(fdiv.o)
    0x080002e8   0x080002e8   0x0000001c   Code   RO         4057    .text               mf_p.l(fcmple.o)
    0x08000304   0x08000304   0x0000001c   Code   RO         4059    .text               mf_p.l(fcmpge.o)
    0x08000320   0x08000320   0x0000002c   Code   RO         4061    .text               mf_p.l(dcmpge.o)
    0x0800034c   0x0800034c   0x00000016   Code   RO         4063    .text               mf_p.l(fflti.o)
    0x08000362   0x08000362   0x0000000e   Code   RO         4065    .text               mf_p.l(ffltui.o)
    0x08000370   0x08000370   0x00000032   Code   RO         4067    .text               mf_p.l(ffixi.o)
    0x080003a2   0x080003a2   0x00000028   Code   RO         4069    .text               mf_p.l(f2d.o)
    0x080003ca   0x080003ca   0x0000003e   Code   RO         4087    .text               mc_p.l(uidiv_div0.o)
    0x08000408   0x08000408   0x00000050   Code   RO         4089    .text               mc_p.l(idiv_div0.o)
    0x08000458   0x08000458   0x00000060   Code   RO         4093    .text               mc_p.l(uldiv.o)
    0x080004b8   0x080004b8   0x00000000   Code   RO         4095    .text               mc_p.l(iusefp.o)
    0x080004b8   0x080004b8   0x00000082   Code   RO         4096    .text               mf_p.l(fepilogue.o)
    0x0800053a   0x0800053a   0x00000002   PAD
    0x0800053c   0x0800053c   0x00000164   Code   RO         4098    .text               mf_p.l(dadd.o)
    0x080006a0   0x080006a0   0x000000d0   Code   RO         4100    .text               mf_p.l(dmul.o)
    0x08000770   0x08000770   0x000000f0   Code   RO         4102    .text               mf_p.l(ddiv.o)
    0x08000860   0x08000860   0x00000040   Code   RO         4104    .text               mf_p.l(dfixul.o)
    0x080008a0   0x080008a0   0x00000028   Code   RO         4106    .text               mf_p.l(cdrcmple.o)
    0x080008c8   0x080008c8   0x00000024   Code   RO         4108    .text               mc_p.l(init.o)
    0x080008ec   0x080008ec   0x00000020   Code   RO         4110    .text               mc_p.l(llshl.o)
    0x0800090c   0x0800090c   0x00000022   Code   RO         4112    .text               mc_p.l(llushr.o)
    0x0800092e   0x0800092e   0x00000026   Code   RO         4114    .text               mc_p.l(llsshr.o)
    0x08000954   0x08000954   0x000000be   Code   RO         4116    .text               mf_p.l(depilogue.o)
    0x08000a12   0x08000a12   0x00000002   PAD
    0x08000a14   0x08000a14   0x000000b4   Code   RO          109    .text.Activate_ADC  adc.o
    0x08000ac8   0x08000ac8   0x0000008c   Code   RO          125    .text.AdcGetValue   adc.o
    0x08000b54   0x08000b54   0x00000034   Code   RO         3933    .text.EventCheckFilter  eventrecorder.o
    0x08000b88   0x08000b88   0x00000054   Code   RO         3919    .text.EventGetTS    eventrecorder.o
    0x08000bdc   0x08000bdc   0x000001dc   Code   RO         3931    .text.EventRecordData  eventrecorder.o
    0x08000db8   0x08000db8   0x000000f0   Code   RO         3921    .text.EventRecordItem  eventrecorder.o
    0x08000ea8   0x08000ea8   0x00000094   Code   RO         3917    .text.EventRecorderEnable  eventrecorder.o
    0x08000f3c   0x08000f3c   0x00000198   Code   RO         3913    .text.EventRecorderInitialize  eventrecorder.o
    0x080010d4   0x080010d4   0x00000040   Code   RO         3923    .text.EventRecorderStart  eventrecorder.o
    0x08001114   0x08001114   0x00000008   Code   RO         3909    .text.EventRecorderTimerGetCount  eventrecorder.o
    0x0800111c   0x0800111c   0x00000008   Code   RO         3905    .text.EventRecorderTimerGetFreq  eventrecorder.o
    0x08001124   0x08001124   0x00000008   Code   RO         3901    .text.EventRecorderTimerSetup  eventrecorder.o
    0x0800112c   0x0800112c   0x0000002c   Code   RO          165    .text.GPIO_WriteBit  spi.o
    0x08001158   0x08001158   0x0000000c   Code   RO         3935    .text.GetContext    eventrecorder.o
    0x08001164   0x08001164   0x0000000c   Code   RO         3951    .text.GetRecordIndex  eventrecorder.o
    0x08001170   0x08001170   0x00000004   Code   RO          234    .text.HardFault_Handler  stm32g0xx_it.o
    0x08001174   0x08001174   0x0000000c   Code   RO         3959    .text.IncrementRecordsDumped  eventrecorder.o
    0x08001180   0x08001180   0x00000010   Code   RO         3957    .text.IncrementRecordsWritten  eventrecorder.o
    0x08001190   0x08001190   0x00000010   Code   RO           89    .text.LL_ADC_ClearFlag_CCRDY  adc.o
    0x080011a0   0x080011a0   0x0000000e   Code   RO          137    .text.LL_ADC_ClearFlag_EOC  adc.o
    0x080011ae   0x080011ae   0x00000012   Code   RO           99    .text.LL_ADC_DisableIT_EOC  adc.o
    0x080011c0   0x080011c0   0x00000012   Code   RO          101    .text.LL_ADC_DisableIT_EOS  adc.o
    0x080011d2   0x080011d2   0x00000002   PAD
    0x080011d4   0x080011d4   0x00000018   Code   RO          121    .text.LL_ADC_Enable  adc.o
    0x080011ec   0x080011ec   0x0000001c   Code   RO          103    .text.LL_ADC_EnableInternalRegulator  adc.o
    0x08001208   0x08001208   0x00000060   Code   RO          392    .text.LL_ADC_Init   stm32g0xx_ll_adc.o
    0x08001268   0x08001268   0x00000010   Code   RO          123    .text.LL_ADC_IsActiveFlag_ADRDY  adc.o
    0x08001278   0x08001278   0x00000014   Code   RO           87    .text.LL_ADC_IsActiveFlag_CCRDY  adc.o
    0x0800128c   0x0800128c   0x00000012   Code   RO          133    .text.LL_ADC_IsActiveFlag_EOC  adc.o
    0x0800129e   0x0800129e   0x00000014   Code   RO          119    .text.LL_ADC_IsCalibrationOnGoing  adc.o
    0x080012b2   0x080012b2   0x00000010   Code   RO          111    .text.LL_ADC_IsEnabled  adc.o
    0x080012c2   0x080012c2   0x00000010   Code   RO          372    .text.LL_ADC_IsEnabled  stm32g0xx_ll_adc.o
    0x080012d2   0x080012d2   0x00000010   Code   RO          113    .text.LL_ADC_REG_GetDMATransfer  adc.o
    0x080012e2   0x080012e2   0x00000012   Code   RO          398    .text.LL_ADC_REG_GetSequencerConfigurable  stm32g0xx_ll_adc.o
    0x080012f4   0x080012f4   0x000000c8   Code   RO          396    .text.LL_ADC_REG_Init  stm32g0xx_ll_adc.o
    0x080013bc   0x080013bc   0x00000012   Code   RO          129    .text.LL_ADC_REG_IsConversionOngoing  adc.o
    0x080013ce   0x080013ce   0x00000002   PAD
    0x080013d0   0x080013d0   0x00000014   Code   RO          135    .text.LL_ADC_REG_ReadConversionData12  adc.o
    0x080013e4   0x080013e4   0x0000001a   Code   RO          115    .text.LL_ADC_REG_SetDMATransfer  adc.o
    0x080013fe   0x080013fe   0x0000001c   Code   RO           85    .text.LL_ADC_REG_SetSequencerConfigurable  adc.o
    0x0800141a   0x0800141a   0x00000014   Code   RO          400    .text.LL_ADC_REG_SetSequencerLength  stm32g0xx_ll_adc.o
    0x0800142e   0x0800142e   0x0000002e   Code   RO          105    .text.LL_ADC_REG_SetSequencerRanks  adc.o
    0x0800145c   0x0800145c   0x00000018   Code   RO          131    .text.LL_ADC_REG_StartConversion  adc.o
    0x08001474   0x08001474   0x0000001c   Code   RO          127    .text.LL_ADC_REG_StopConversion  adc.o
    0x08001490   0x08001490   0x00000028   Code   RO          107    .text.LL_ADC_SetChannelSamplingTime  adc.o
    0x080014b8   0x080014b8   0x0000001c   Code   RO           95    .text.LL_ADC_SetCommonPathInternalCh  adc.o
    0x080014d4   0x080014d4   0x0000001a   Code   RO           91    .text.LL_ADC_SetOverSamplingScope  adc.o
    0x080014ee   0x080014ee   0x00000026   Code   RO           97    .text.LL_ADC_SetSamplingTimeCommonChannels  adc.o
    0x08001514   0x08001514   0x0000001c   Code   RO           93    .text.LL_ADC_SetTriggerFrequencyMode  adc.o
    0x08001530   0x08001530   0x0000001a   Code   RO          117    .text.LL_ADC_StartCalibration  adc.o
    0x0800154a   0x0800154a   0x00000002   PAD
    0x0800154c   0x0800154c   0x0000001c   Code   RO           15    .text.LL_APB1_GRP1_EnableClock  main.o
    0x08001568   0x08001568   0x00000020   Code   RO          195    .text.LL_APB1_GRP1_EnableClock  tim.o
    0x08001588   0x08001588   0x0000001c   Code   RO           13    .text.LL_APB2_GRP1_EnableClock  main.o
    0x080015a4   0x080015a4   0x0000001c   Code   RO           81    .text.LL_APB2_GRP1_EnableClock  adc.o
    0x080015c0   0x080015c0   0x0000001c   Code   RO          157    .text.LL_APB2_GRP1_EnableClock  spi.o
    0x080015dc   0x080015dc   0x00000020   Code   RO          215    .text.LL_APB2_GRP1_EnableClock  tim.o
    0x080015fc   0x080015fc   0x000000b8   Code   RO          341    .text.LL_GPIO_Init  stm32g0xx_ll_gpio.o
    0x080016b4   0x080016b4   0x00000010   Code   RO           70    .text.LL_GPIO_ResetOutputPin  gpio.o
    0x080016c4   0x080016c4   0x00000010   Code   RO          169    .text.LL_GPIO_ResetOutputPin  spi.o
    0x080016d4   0x080016d4   0x0000002c   Code   RO          349    .text.LL_GPIO_SetAFPin_0_7  stm32g0xx_ll_gpio.o
    0x08001700   0x08001700   0x0000002e   Code   RO          351    .text.LL_GPIO_SetAFPin_8_15  stm32g0xx_ll_gpio.o
    0x0800172e   0x0800172e   0x00000010   Code   RO          167    .text.LL_GPIO_SetOutputPin  spi.o
    0x0800173e   0x0800173e   0x00000024   Code   RO          353    .text.LL_GPIO_SetPinMode  stm32g0xx_ll_gpio.o
    0x08001762   0x08001762   0x0000001e   Code   RO          345    .text.LL_GPIO_SetPinOutputType  stm32g0xx_ll_gpio.o
    0x08001780   0x08001780   0x00000024   Code   RO          347    .text.LL_GPIO_SetPinPull  stm32g0xx_ll_gpio.o
    0x080017a4   0x080017a4   0x00000024   Code   RO          343    .text.LL_GPIO_SetPinSpeed  stm32g0xx_ll_gpio.o
    0x080017c8   0x080017c8   0x0000001c   Code   RO           68    .text.LL_IOP_GRP1_EnableClock  gpio.o
    0x080017e4   0x080017e4   0x0000001c   Code   RO           83    .text.LL_IOP_GRP1_EnableClock  adc.o
    0x08001800   0x08001800   0x0000001c   Code   RO          159    .text.LL_IOP_GRP1_EnableClock  spi.o
    0x0800181c   0x0800181c   0x00000020   Code   RO          211    .text.LL_IOP_GRP1_EnableClock  tim.o
    0x0800183c   0x0800183c   0x00000014   Code   RO          247    .text.LL_Init1msTick  stm32g0xx_ll_utils.o
    0x08001850   0x08001850   0x00000034   Code   RO          249    .text.LL_InitTick   stm32g0xx_ll_utils.o
    0x08001884   0x08001884   0x0000000c   Code   RO           41    .text.LL_RCC_GetSysClkSource  main.o
    0x08001890   0x08001890   0x00000010   Code   RO           33    .text.LL_RCC_HSI_Enable  main.o
    0x080018a0   0x080018a0   0x00000014   Code   RO           35    .text.LL_RCC_HSI_IsReady  main.o
    0x080018b4   0x080018b4   0x00000018   Code   RO           37    .text.LL_RCC_SetAHBPrescaler  main.o
    0x080018cc   0x080018cc   0x00000018   Code   RO           43    .text.LL_RCC_SetAPB1Prescaler  main.o
    0x080018e4   0x080018e4   0x0000001c   Code   RO           39    .text.LL_RCC_SetSysClkSource  main.o
    0x08001900   0x08001900   0x00000012   Code   RO          163    .text.LL_SPI_DisableNSSPulseMgt  spi.o
    0x08001912   0x08001912   0x00000012   Code   RO          173    .text.LL_SPI_Enable  spi.o
    0x08001924   0x08001924   0x000000b8   Code   RO          536    .text.LL_SPI_Init   stm32g0xx_ll_spi.o
    0x080019dc   0x080019dc   0x00000010   Code   RO          179    .text.LL_SPI_IsActiveFlag_BSY  spi.o
    0x080019ec   0x080019ec   0x00000012   Code   RO          175    .text.LL_SPI_IsActiveFlag_TXE  spi.o
    0x080019fe   0x080019fe   0x00000012   Code   RO          538    .text.LL_SPI_IsEnabled  stm32g0xx_ll_spi.o
    0x08001a10   0x08001a10   0x00000012   Code   RO          542    .text.LL_SPI_SetCRCPolynomial  stm32g0xx_ll_spi.o
    0x08001a22   0x08001a22   0x0000001c   Code   RO          540    .text.LL_SPI_SetRxFIFOThreshold  stm32g0xx_ll_spi.o
    0x08001a3e   0x08001a3e   0x0000001a   Code   RO          161    .text.LL_SPI_SetStandard  spi.o
    0x08001a58   0x08001a58   0x00000018   Code   RO          177    .text.LL_SPI_TransmitData8  spi.o
    0x08001a70   0x08001a70   0x00000014   Code   RO          253    .text.LL_SetSystemCoreClock  stm32g0xx_ll_utils.o
    0x08001a84   0x08001a84   0x00000014   Code   RO           23    .text.LL_TIM_CC_EnableChannel  main.o
    0x08001a98   0x08001a98   0x00000012   Code   RO          197    .text.LL_TIM_DisableARRPreload  tim.o
    0x08001aaa   0x08001aaa   0x00000012   Code   RO          207    .text.LL_TIM_DisableMasterSlaveMode  tim.o
    0x08001abc   0x08001abc   0x00000012   Code   RO          221    .text.LL_TIM_EnableARRPreload  tim.o
    0x08001ace   0x08001ace   0x00000014   Code   RO           21    .text.LL_TIM_EnableAllOutputs  main.o
    0x08001ae2   0x08001ae2   0x00000012   Code   RO           27    .text.LL_TIM_EnableCounter  main.o
    0x08001af4   0x08001af4   0x00000012   Code   RO          596    .text.LL_TIM_GenerateEvent_UPDATE  stm32g0xx_ll_tim.o
    0x08001b06   0x08001b06   0x00000002   PAD
    0x08001b08   0x08001b08   0x000000dc   Code   RO          588    .text.LL_TIM_Init   stm32g0xx_ll_tim.o
    0x08001be4   0x08001be4   0x000000e0   Code   RO          209    .text.LL_TIM_OC_DisablePreload  tim.o
    0x08001cc4   0x08001cc4   0x000000e0   Code   RO          203    .text.LL_TIM_OC_EnableFast  tim.o
    0x08001da4   0x08001da4   0x000000e8   Code   RO          201    .text.LL_TIM_OC_EnablePreload  tim.o
    0x08001e8c   0x08001e8c   0x000000b0   Code   RO          600    .text.LL_TIM_OC_Init  stm32g0xx_ll_tim.o
    0x08001f3c   0x08001f3c   0x00000010   Code   RO           25    .text.LL_TIM_OC_SetCompareCH1  main.o
    0x08001f4c   0x08001f4c   0x00000010   Code   RO          642    .text.LL_TIM_OC_SetCompareCH1  stm32g0xx_ll_tim.o
    0x08001f5c   0x08001f5c   0x00000010   Code   RO          636    .text.LL_TIM_OC_SetCompareCH2  stm32g0xx_ll_tim.o
    0x08001f6c   0x08001f6c   0x00000010   Code   RO          644    .text.LL_TIM_OC_SetCompareCH3  stm32g0xx_ll_tim.o
    0x08001f7c   0x08001f7c   0x00000010   Code   RO          646    .text.LL_TIM_OC_SetCompareCH4  stm32g0xx_ll_tim.o
    0x08001f8c   0x08001f8c   0x00000014   Code   RO          648    .text.LL_TIM_OC_SetCompareCH5  stm32g0xx_ll_tim.o
    0x08001fa0   0x08001fa0   0x00000010   Code   RO          650    .text.LL_TIM_OC_SetCompareCH6  stm32g0xx_ll_tim.o
    0x08001fb0   0x08001fb0   0x00000010   Code   RO          590    .text.LL_TIM_SetAutoReload  stm32g0xx_ll_tim.o
    0x08001fc0   0x08001fc0   0x00000020   Code   RO          199    .text.LL_TIM_SetClockSource  tim.o
    0x08001fe0   0x08001fe0   0x00000010   Code   RO          592    .text.LL_TIM_SetPrescaler  stm32g0xx_ll_tim.o
    0x08001ff0   0x08001ff0   0x00000010   Code   RO          594    .text.LL_TIM_SetRepetitionCounter  stm32g0xx_ll_tim.o
    0x08002000   0x08002000   0x0000001a   Code   RO          205    .text.LL_TIM_SetTriggerOutput  tim.o
    0x0800201a   0x0800201a   0x00000002   PAD
    0x0800201c   0x0800201c   0x0000004c   Code   RO          251    .text.LL_mDelay     stm32g0xx_ll_utils.o
    0x08002068   0x08002068   0x00000058   Code   RO         3953    .text.LockRecord    eventrecorder.o
    0x080020c0   0x080020c0   0x00000010   Code   RO         3941    .text.LockTS_Overflow  eventrecorder.o
    0x080020d0   0x080020d0   0x00000178   Code   RO           79    .text.MX_ADC1_Init  adc.o
    0x08002248   0x08002248   0x00000108   Code   RO           66    .text.MX_GPIO_Init  gpio.o
    0x08002350   0x08002350   0x000000ac   Code   RO          155    .text.MX_SPI1_Init  spi.o
    0x080023fc   0x080023fc   0x00000054   Code   RO          213    .text.MX_TIM14_Init  tim.o
    0x08002450   0x08002450   0x000000d0   Code   RO          193    .text.MX_TIM3_Init  tim.o
    0x08002520   0x08002520   0x00000004   Code   RO          232    .text.NMI_Handler   stm32g0xx_it.o
    0x08002524   0x08002524   0x000000d8   Code   RO          602    .text.OC1Config     stm32g0xx_ll_tim.o
    0x080025fc   0x080025fc   0x000000e4   Code   RO          604    .text.OC2Config     stm32g0xx_ll_tim.o
    0x080026e0   0x080026e0   0x000000e8   Code   RO          606    .text.OC3Config     stm32g0xx_ll_tim.o
    0x080027c8   0x080027c8   0x000000b8   Code   RO          608    .text.OC4Config     stm32g0xx_ll_tim.o
    0x08002880   0x08002880   0x000000b4   Code   RO          610    .text.OC5Config     stm32g0xx_ll_tim.o
    0x08002934   0x08002934   0x000000b4   Code   RO          612    .text.OC6Config     stm32g0xx_ll_tim.o
    0x080029e8   0x080029e8   0x00000002   Code   RO          238    .text.PendSV_Handler  stm32g0xx_it.o
    0x080029ea   0x080029ea   0x00000002   Code   RO          236    .text.SVC_Handler   stm32g0xx_it.o
    0x080029ec   0x080029ec   0x00000030   Code   RO         3911    .text.SysTickGetCount  eventrecorder.o
    0x08002a1c   0x08002a1c   0x0000000c   Code   RO         3907    .text.SysTickGetFreq  eventrecorder.o
    0x08002a28   0x08002a28   0x0000002c   Code   RO         3903    .text.SysTickSetup  eventrecorder.o
    0x08002a54   0x08002a54   0x0000001c   Code   RO         3899    .text.SysTick_Handler  eventrecorder.o
    0x08002a70   0x08002a70   0x00000050   Code   RO           19    .text.SystemClock_Config  main.o
    0x08002ac0   0x08002ac0   0x00000002   Code   RO          659    .text.SystemInit    system_stm32g0xx.o
    0x08002ac2   0x08002ac2   0x00000002   PAD
    0x08002ac4   0x08002ac4   0x00000028   Code   RO          145    .text.T12_ADC_Read  adc.o
    0x08002aec   0x08002aec   0x00000068   Code   RO          143    .text.Temp_ADC_Read  adc.o
    0x08002b54   0x08002b54   0x0000004e   Code   RO         3955    .text.UnlockRecord  eventrecorder.o
    0x08002ba2   0x08002ba2   0x00000002   PAD
    0x08002ba4   0x08002ba4   0x00000010   Code   RO         3943    .text.UnlockTS_Overflow  eventrecorder.o
    0x08002bb4   0x08002bb4   0x00000018   Code   RO         3945    .text.UpdateTS      eventrecorder.o
    0x08002bcc   0x08002bcc   0x00000034   Code   RO          141    .text.Vin_Read      adc.o
    0x08002c00   0x08002c00   0x00000038   Code   RO          139    .text.Vref_Read     adc.o
    0x08002c38   0x08002c38   0x0000002c   Code   RO          219    .text.__NVIC_EnableIRQ  tim.o
    0x08002c64   0x08002c64   0x0000007c   Code   RO           17    .text.__NVIC_SetPriority  main.o
    0x08002ce0   0x08002ce0   0x00000084   Code   RO          217    .text.__NVIC_SetPriority  tim.o
    0x08002d64   0x08002d64   0x00000036   Code   RO         3961    .text.atomic_inc32  eventrecorder.o
    0x08002d9a   0x08002d9a   0x0000003a   Code   RO         3963    .text.atomic_inc8   eventrecorder.o
    0x08002dd4   0x08002dd4   0x00000036   Code   RO         3949    .text.atomic_wr32   eventrecorder.o
    0x08002e0a   0x08002e0a   0x0000003c   Code   RO         3947    .text.atomic_wr8    eventrecorder.o
    0x08002e46   0x08002e46   0x00000002   PAD
    0x08002e48   0x08002e48   0x000000a4   Code   RO           29    .text.calculateTemp  main.o
    0x08002eec   0x08002eec   0x00000130   Code   RO           31    .text.calculate_pid_pwm  main.o
    0x0800301c   0x0800301c   0x00000080   Code   RO         3915    .text.crc16_ccitt   eventrecorder.o
    0x0800309c   0x0800309c   0x00000030   Code   RO         3977    .text.fputc         retarget_io.o
    0x080030cc   0x080030cc   0x00000248   Code   RO           11    .text.main          main.o
    0x08003314   0x08003314   0x0000004a   Code   RO           45    .text.map           main.o
    0x0800335e   0x0800335e   0x00000002   PAD
    0x08003360   0x08003360   0x00000064   Code   RO         3979    .text.stdout_putchar  retarget_io.o
    0x080033c4   0x080033c4   0x0000002e   Code   RO          953    .text.u8g2_ClearBuffer  u8g2_buffer.o
    0x080033f2   0x080033f2   0x00000002   PAD
    0x080033f4   0x080033f4   0x00000096   Code   RO         1097    .text.u8g2_DrawGlyph  u8g2_font.o
    0x0800348a   0x0800348a   0x0000012a   Code   RO         3122    .text.u8g2_DrawHVLine  u8g2_hvline.o
    0x080035b4   0x080035b4   0x00000034   Code   RO         1105    .text.u8g2_DrawStr  u8g2_font.o
    0x080035e8   0x080035e8   0x00000026   Code   RO          961    .text.u8g2_FirstPage  u8g2_buffer.o
    0x0800360e   0x0800360e   0x00000064   Code   RO         3152    .text.u8g2_IsIntersection  u8g2_intersection.o
    0x08003672   0x08003672   0x0000006c   Code   RO          963    .text.u8g2_NextPage  u8g2_buffer.o
    0x080036de   0x080036de   0x00000026   Code   RO          959    .text.u8g2_SetBufferCurrTileRow  u8g2_buffer.o
    0x08003704   0x08003704   0x00000030   Code   RO         1145    .text.u8g2_SetFont  u8g2_font.o
    0x08003734   0x08003734   0x00000014   Code   RO         1161    .text.u8g2_SetFontDirection  u8g2_font.o
    0x08003748   0x08003748   0x00000014   Code   RO         1095    .text.u8g2_SetFontMode  u8g2_font.o
    0x0800375c   0x0800375c   0x00000014   Code   RO         1131    .text.u8g2_SetFontPosBaseline  u8g2_font.o
    0x08003770   0x08003770   0x00000034   Code   RO         3260    .text.u8g2_SetMaxClipWindow  u8g2_setup.o
    0x080037a4   0x080037a4   0x00000078   Code   RO         3264    .text.u8g2_SetupBuffer  u8g2_setup.o
    0x0800381c   0x0800381c   0x00000048   Code   RO         1045    .text.u8g2_Setup_ssd1306_128x64_noname_f  u8g2_d_setup.o
    0x08003864   0x08003864   0x000000c4   Code   RO         1121    .text.u8g2_UpdateRefHeight  u8g2_font.o
    0x08003928   0x08003928   0x00000076   Code   RO         1077    .text.u8g2_add_vector_x  u8g2_font.o
    0x0800399e   0x0800399e   0x00000076   Code   RO         1075    .text.u8g2_add_vector_y  u8g2_font.o
    0x08003a14   0x08003a14   0x000000ac   Code   RO         3276    .text.u8g2_apply_clip_window  u8g2_setup.o
    0x08003ac0   0x08003ac0   0x000000d6   Code   RO         3124    .text.u8g2_clip_intersection2  u8g2_hvline.o
    0x08003b96   0x08003b96   0x0000003e   Code   RO         3120    .text.u8g2_draw_hv_line_2dir  u8g2_hvline.o
    0x08003bd4   0x08003bd4   0x00000034   Code   RO         3290    .text.u8g2_draw_l90_r0  u8g2_setup.o
    0x08003c08   0x08003c08   0x000000d8   Code   RO         1107    .text.u8g2_draw_string  u8g2_font.o
    0x08003ce0   0x08003ce0   0x0000000a   Code   RO         1129    .text.u8g2_font_calc_vref_font  u8g2_font.o
    0x08003cea   0x08003cea   0x00000046   Code   RO         1073    .text.u8g2_font_decode_get_signed_bits  u8g2_font.o
    0x08003d30   0x08003d30   0x00000088   Code   RO         1071    .text.u8g2_font_decode_get_unsigned_bits  u8g2_font.o
    0x08003db8   0x08003db8   0x0000023c   Code   RO         1083    .text.u8g2_font_decode_glyph  u8g2_font.o
    0x08003ff4   0x08003ff4   0x00000142   Code   RO         1079    .text.u8g2_font_decode_len  u8g2_font.o
    0x08004136   0x08004136   0x00000050   Code   RO         1099    .text.u8g2_font_draw_glyph  u8g2_font.o
    0x08004186   0x08004186   0x00000018   Code   RO         1055    .text.u8g2_font_get_byte  u8g2_font.o
    0x0800419e   0x0800419e   0x00000116   Code   RO         1089    .text.u8g2_font_get_glyph_data  u8g2_font.o
    0x080042b4   0x080042b4   0x00000034   Code   RO         1057    .text.u8g2_font_get_word  u8g2_font.o
    0x080042e8   0x080042e8   0x00000052   Code   RO         1085    .text.u8g2_font_setup_decode  u8g2_font.o
    0x0800433a   0x0800433a   0x00000094   Code   RO         3150    .text.u8g2_is_intersection_decision_tree  u8g2_intersection.o
    0x080043ce   0x080043ce   0x00000164   Code   RO         3180    .text.u8g2_ll_hvline_vertical_top_lsb  u8g2_ll_hvline.o
    0x08004532   0x08004532   0x00000002   PAD
    0x08004534   0x08004534   0x00000014   Code   RO         1036    .text.u8g2_m_16_8_f  u8g2_d_memory.o
    0x08004548   0x08004548   0x000000fc   Code   RO         1053    .text.u8g2_read_font_info  u8g2_font.o
    0x08004644   0x08004644   0x0000008e   Code   RO          957    .text.u8g2_send_buffer  u8g2_buffer.o
    0x080046d2   0x080046d2   0x00000054   Code   RO          977    .text.u8g2_send_tile_row  u8g2_buffer.o
    0x08004726   0x08004726   0x000000ae   Code   RO         3272    .text.u8g2_update_dimension_common  u8g2_setup.o
    0x080047d4   0x080047d4   0x00000010   Code   RO         3270    .text.u8g2_update_dimension_r0  u8g2_setup.o
    0x080047e4   0x080047e4   0x00000036   Code   RO         3274    .text.u8g2_update_page_win_r0  u8g2_setup.o
    0x0800481a   0x0800481a   0x00000034   Code   RO         3626    .text.u8x8_DrawTile  u8x8_display.o
    0x0800484e   0x0800484e   0x00000016   Code   RO         3632    .text.u8x8_InitDisplay  u8x8_display.o
    0x08004864   0x08004864   0x00000016   Code   RO         3640    .text.u8x8_RefreshDisplay  u8x8_display.o
    0x0800487a   0x0800487a   0x00000020   Code   RO         3634    .text.u8x8_SetPowerSave  u8x8_display.o
    0x0800489a   0x0800489a   0x00000036   Code   RO         3844    .text.u8x8_Setup    u8x8_setup.o
    0x080048d0   0x080048d0   0x00000044   Code   RO         3842    .text.u8x8_SetupDefaults  u8x8_setup.o
    0x08004914   0x08004914   0x00000016   Code   RO         3628    .text.u8x8_SetupMemory  u8x8_display.o
    0x0800492a   0x0800492a   0x00000002   PAD
    0x0800492c   0x0800492c   0x00000038   Code   RO         3401    .text.u8x8_ascii_next  u8x8_8x8.o
    0x08004964   0x08004964   0x000000e0   Code   RO          171    .text.u8x8_byte_4wire_hw_spi  spi.o
    0x08004a44   0x08004a44   0x00000016   Code   RO         3438    .text.u8x8_byte_SendByte  u8x8_byte.o
    0x08004a5a   0x08004a5a   0x00000022   Code   RO         3436    .text.u8x8_byte_SendBytes  u8x8_byte.o
    0x08004a7c   0x08004a7c   0x00000020   Code   RO         3434    .text.u8x8_byte_SetDC  u8x8_byte.o
    0x08004a9c   0x08004a9c   0x0000009c   Code   RO         3519    .text.u8x8_cad_001  u8x8_cad.o
    0x08004b38   0x08004b38   0x00000016   Code   RO         3503    .text.u8x8_cad_EndTransfer  u8x8_cad.o
    0x08004b4e   0x08004b4e   0x00000020   Code   RO         3495    .text.u8x8_cad_SendArg  u8x8_cad.o
    0x08004b6e   0x08004b6e   0x00000020   Code   RO         3493    .text.u8x8_cad_SendCmd  u8x8_cad.o
    0x08004b8e   0x08004b8e   0x00000022   Code   RO         3499    .text.u8x8_cad_SendData  u8x8_cad.o
    0x08004bb0   0x08004bb0   0x000000a4   Code   RO         3509    .text.u8x8_cad_SendSequence  u8x8_cad.o
    0x08004c54   0x08004c54   0x00000016   Code   RO         3501    .text.u8x8_cad_StartTransfer  u8x8_cad.o
    0x08004c6a   0x08004c6a   0x0000006c   Code   RO         3624    .text.u8x8_d_helper_display_init  u8x8_display.o
    0x08004cd6   0x08004cd6   0x0000001a   Code   RO         3622    .text.u8x8_d_helper_display_setup_memory  u8x8_display.o
    0x08004cf0   0x08004cf0   0x00000080   Code   RO         3573    .text.u8x8_d_ssd1306_128x64_noname  u8x8_d_ssd1306_128x64_noname.o
    0x08004d70   0x08004d70   0x00000168   Code   RO         3575    .text.u8x8_d_ssd1306_sh1106_generic  u8x8_d_ssd1306_128x64_noname.o
    0x08004ed8   0x08004ed8   0x00000016   Code   RO         3838    .text.u8x8_dummy_cb  u8x8_setup.o
    0x08004eee   0x08004eee   0x00000026   Code   RO         3792    .text.u8x8_gpio_call  u8x8_gpio.o
    0x08004f14   0x08004f14   0x000000fc   Code   RO          181    .text.u8x8_stm32_gpio_and_delay  spi.o
    0x08005010   0x08005010   0x00000010   Code   RO         3399    .text.u8x8_utf8_init  u8x8_8x8.o
    0x08005020   0x08005020   0x00000020   Code   RO         4024    i.__0printf         mc_p.l(printfa.o)
    0x08005040   0x08005040   0x00000028   Code   RO         4026    i.__0sprintf        mc_p.l(printfa.o)
    0x08005068   0x08005068   0x0000002e   Code   RO         4118    i.__ARM_clz         mf_p.l(depilogue.o)
    0x08005096   0x08005096   0x0000000e   Code   RO         4122    i.__scatterload_copy  mc_p.l(handlers.o)
    0x080050a4   0x080050a4   0x00000002   Code   RO         4123    i.__scatterload_null  mc_p.l(handlers.o)
    0x080050a6   0x080050a6   0x0000000e   Code   RO         4124    i.__scatterload_zeroinit  mc_p.l(handlers.o)
    0x080050b4   0x080050b4   0x00000174   Code   RO         4031    i._fp_digits        mc_p.l(printfa.o)
    0x08005228   0x08005228   0x000006ec   Code   RO         4032    i._printf_core      mc_p.l(printfa.o)
    0x08005914   0x08005914   0x00000020   Code   RO         4033    i._printf_post_padding  mc_p.l(printfa.o)
    0x08005934   0x08005934   0x0000002c   Code   RO         4034    i._printf_pre_padding  mc_p.l(printfa.o)
    0x08005960   0x08005960   0x0000000a   Code   RO         4036    i._sputc            mc_p.l(printfa.o)
    0x0800596a   0x0800596a   0x00000002   PAD
    0x0800596c   0x0800596c   0x00000018   Data   RO         3966    .rodata.EventRecorderInfo  eventrecorder.o
    0x08005984   0x08005984   0x00000009   Data   RO          223    .rodata.OFFSET_TAB_CCMRx  tim.o
    0x0800598d   0x0800598d   0x00000009   Data   RO          224    .rodata.SHIFT_TAB_OCxx  tim.o
    0x08005996   0x08005996   0x00000051   Data   RO           54    .rodata.str1.1      main.o
    0x080059e7   0x080059e7   0x00000001   PAD
    0x080059e8   0x080059e8   0x00000010   Data   RO           49    .rodata.temp_calibration_table  main.o
    0x080059f8   0x080059f8   0x0000000c   Data   RO         3304    .rodata.u8g2_cb_r0  u8g2_setup.o
    0x08005a04   0x08005a04   0x000004cb   Data   RO         1331    .rodata.u8g2_font_9x15_tr  u8g2_fonts.o
    0x08005ecf   0x08005ecf   0x00000007   Data   RO         3600    .rodata.u8x8_d_ssd1306_128x64_noname_flip0_seq  u8x8_d_ssd1306_128x64_noname.o
    0x08005ed6   0x08005ed6   0x00000007   Data   RO         3601    .rodata.u8x8_d_ssd1306_128x64_noname_flip1_seq  u8x8_d_ssd1306_128x64_noname.o
    0x08005edd   0x08005edd   0x00000035   Data   RO         3589    .rodata.u8x8_d_ssd1306_128x64_noname_init_seq  u8x8_d_ssd1306_128x64_noname.o
    0x08005f12   0x08005f12   0x00000005   Data   RO         3598    .rodata.u8x8_d_ssd1306_128x64_noname_powersave0_seq  u8x8_d_ssd1306_128x64_noname.o
    0x08005f17   0x08005f17   0x00000005   Data   RO         3599    .rodata.u8x8_d_ssd1306_128x64_noname_powersave1_seq  u8x8_d_ssd1306_128x64_noname.o
    0x08005f1c   0x08005f1c   0x00000018   Data   RO         3590    .rodata.u8x8_ssd1306_128x64_noname_display_info  u8x8_d_ssd1306_128x64_noname.o
    0x08005f34   0x08005f34   0x00000020   Data   RO         4121    Region$$Table       anon$$obj.o


    Execution Region RW_IRAM1 (Exec base: 0x20000000, Load base: 0x08005f58, Size: 0x000008e0, Max: 0x00001800, ABSOLUTE)

    Exec Addr    Load Addr    Size         Type   Attr      Idx    E Section Name        Object

    0x20000000   0x08005f58   0x00000004   Data   RW         4005    .data               mc_p.l(stdout.o)
    0x20000004   0x08005f5c   0x00000004   Data   RW          663    .data.SystemCoreClock  system_stm32g0xx.o
    0x20000008   0x08005f60   0x00000014   Data   RW           50    .data.t12_pid       main.o
    0x2000001c   0x08005f74   0x00000002   Data   RW           53    .data.temp_target   main.o
    0x2000001e   0x08005f76   0x00000002   PAD
    0x20000020        -       0x00000004   Zero   RW         3967    .bss.SysTickCount   eventrecorder.o
    0x20000024        -       0x00000001   Zero   RW         3968    .bss.SysTickUpdated  eventrecorder.o
    0x20000025        -       0x00000001   Zero   RW         3969    .bss.TS_OverflowLock  eventrecorder.o
    0x20000026        -       0x00000002   Zero   RW          147    .bss.Vref           adc.o
    0x20000028        -       0x00000010   Zero   RW           56    .bss.sprintf_tmp    main.o
    0x20000038        -       0x00000008   Zero   RW         3991    .bss.stdout_putchar.buffer  retarget_io.o
    0x20000040        -       0x00000004   Zero   RW         3990    .bss.stdout_putchar.index  retarget_io.o
    0x20000044        -       0x00000002   Zero   RW           51    .bss.t12_now        main.o
    0x20000046        -       0x00000002   Zero   RW           52    .bss.t12_pwm        main.o
    0x20000048        -       0x00000094   Zero   RW           55    .bss.u8g2           main.o
    0x200000dc        -       0x00000400   Zero   RW         1038    .bss.u8g2_m_16_8_f.buf  u8g2_d_memory.o
    0x200004dc   0x08005f76   0x00000004   PAD
    0x200004e0        -       0x00000400   Zero   RW            1    STACK               startup_stm32g030xx.o


    Execution Region ZI_RAM_UNINIT (Exec base: 0x20000900, Load base: 0x08005f78, Size: 0x000004a4, Max: 0xffffffff, ABSOLUTE, UNINIT)

    Exec Addr    Load Addr    Size         Type   Attr      Idx    E Section Name        Object

    0x20000900        -       0x000004a4   Zero   RW         3965    .bss.noinit         eventrecorder.o


==============================================================================

Image component sizes


      Code (inc. data)   RO Data    RW Data    ZI Data      Debug   Object Name

      1604         96          0          0          2       7712   adc.o
      2256         96         24          0       1194       9464   eventrecorder.o
       308          4          0          0          0       2236   gpio.o
      1584        112         97         22        168      10817   main.o
       148         16          0          0         12       2048   retarget_io.o
       900        212          0          0          0       8549   spi.o
        28          8        192          0       1024        620   startup_stm32g030xx.o
        12          0          0          0          0        624   stm32g0xx_it.o
       350          8          0          0          0       5621   stm32g0xx_ll_adc.o
       412          0          0          0          0       3810   stm32g0xx_ll_gpio.o
       248          8          0          0          0       4915   stm32g0xx_ll_spi.o
      1782         72          0          0          0      10322   stm32g0xx_ll_tim.o
       168         20          0          0          0       6344   stm32g0xx_ll_utils.o
         2          0          0          4          0       1878   system_stm32g0xx.o
      1356         56         18          0          0       6605   tim.o
       456          0          0          0          0       6836   u8g2_buffer.o
        20          4          0          0       1024        684   u8g2_d_memory.o
        72         12          0          0          0       4405   u8g2_d_setup.o
      2836         64          0          0          0      18426   u8g2_font.o
         0          0       1227          0          0     103552   u8g2_fonts.o
       574          0          0          0          0       6044   u8g2_hvline.o
       248          0          0          0          0       4768   u8g2_intersection.o
       356          0          0          0          0       5362   u8g2_ll_hvline.o
       640          4         12          0          0       9454   u8g2_setup.o
        72          4          0          0          0       8059   u8x8_8x8.o
        88          0          0          0          0       7717   u8x8_byte.o
       462         24          0          0          0       9264   u8x8_cad.o
       488         44        101          0          0       5577   u8x8_d_ssd1306_128x64_noname.o
       284          0          0          0          0       4311   u8x8_display.o
        38          0          0          0          0       2086   u8x8_gpio.o
       144          4          0          0          0       2788   u8x8_setup.o

    ----------------------------------------------------------------------
     17960        868       1704         28       3428     280898   Object Totals
         0          0         32          0          0          0   (incl. Generated)
        24          0          1          2          4          0   (incl. Padding)

    ----------------------------------------------------------------------

      Code (inc. data)   RO Data    RW Data    ZI Data      Debug   Library Member Name

         0          0          0          0          0          0   entry.o
         0          0          0          0          0          0   entry10a.o
         0          0          0          0          0          0   entry11a.o
         8          4          0          0          0          0   entry2.o
         4          0          0          0          0          0   entry5.o
         0          0          0          0          0          0   entry7b.o
         0          0          0          0          0          0   entry8b.o
         8          4          0          0          0          0   entry9a.o
        30          0          0          0          0          0   handlers.o
        80          6          0          0          0         72   idiv_div0.o
        36          8          0          0          0         68   init.o
         0          0          0          0          0          0   iusefp.o
        32          0          0          0          0         68   llshl.o
        38          0          0          0          0         68   llsshr.o
        34          0          0          0          0         68   llushr.o
        36          0          0          0          0         60   memcpya.o
        36          0          0          0          0        100   memseta.o
      2302        102          0          0          0        556   printfa.o
         8          0          0          0          0         60   siabs.o
         0          0          0          4          0          0   stdout.o
        62          0          0          0          0         72   uidiv_div0.o
        96          0          0          0          0         84   uldiv.o
        40          2          0          0          0         68   cdrcmple.o
       356          4          0          0          0        140   dadd.o
        44          0          0          0          0         68   dcmpge.o
       240          6          0          0          0         84   ddiv.o
       236          0          0          0          0        216   depilogue.o
        64         10          0          0          0         68   dfixul.o
       208          6          0          0          0         88   dmul.o
        40          0          0          0          0         60   f2d.o
       178          0          0          0          0        108   fadd.o
        28          0          0          0          0         60   fcmpge.o
        28          0          0          0          0         60   fcmple.o
       124          0          0          0          0         72   fdiv.o
       130          0          0          0          0        144   fepilogue.o
        50          0          0          0          0         60   ffixi.o
        22          0          0          0          0         68   fflti.o
        14          0          0          0          0         68   ffltui.o
       122          0          0          0          0         72   fmul.o

    ----------------------------------------------------------------------
      4740        152          0          4          0       2780   Library Totals
         6          0          0          0          0          0   (incl. Padding)

    ----------------------------------------------------------------------

      Code (inc. data)   RO Data    RW Data    ZI Data      Debug   Library Name

      2810        124          0          4          0       1276   mc_p.l
      1924         28          0          0          0       1504   mf_p.l

    ----------------------------------------------------------------------
      4740        152          0          4          0       2780   Library Totals

    ----------------------------------------------------------------------

==============================================================================


      Code (inc. data)   RO Data    RW Data    ZI Data      Debug   

     22700       1020       1704         32       3428     281898   Grand Totals
     22700       1020       1704         32       3428     281898   ELF Image Totals
     22700       1020       1704         32          0          0   ROM Totals

==============================================================================

    Total RO  Size (Code + RO Data)                24404 (  23.83kB)
    Total RW  Size (RW Data + ZI Data)              3460 (   3.38kB)
    Total ROM Size (Code + RO Data + RW Data)      24436 (  23.86kB)

==============================================================================

